../Core/Src/main.c:98:6:delay	16	static
../Core/Src/main.c:105:6:HAL_TIM_IC_CaptureCallback	16	static
../Core/Src/main.c:140:6:HCSR04_Read	8	static
../Core/Src/main.c:153:5:main	120	static
../Core/Src/main.c:350:6:SystemClock_Config	88	static
../Core/Src/main.c:404:13:MX_I2C1_Init	8	static
../Core/Src/main.c:449:13:MX_TIM1_Init	40	static
../Core/Src/main.c:496:13:MX_TIM2_Init	64	static
../Core/Src/main.c:563:13:MX_TIM3_Init	64	static
../Core/Src/main.c:626:13:MX_USART1_UART_Init	8	static
../Core/Src/main.c:659:13:MX_USART3_UART_Init	8	static
../Core/Src/main.c:692:13:MX_USB_OTG_FS_PCD_Init	8	static
../Core/Src/main.c:725:13:MX_GPIO_Init	64	static
../Core/Src/main.c:851:6:HAL_UART_RxCpltCallback	72	static
../Core/Src/main.c:945:5:average	16	static
../Core/Src/main.c:960:6:Error_Handler	4	static,ignoring_inline_asm
