Archive member included to satisfy reference by file (symbol)

C:/ST/STM32CubeIDE_1.13.0/STM32CubeIDE/plugins/com.st.stm32cube.ide.mcu.externaltools.gnu-tools-for-stm32.11.3.rel1.win32_1.1.1.202309131626/tools/bin/../lib/gcc/arm-none-eabi/11.3.1/../../../../arm-none-eabi/lib/thumb/v7e-m+dp/hard\libc_nano.a(libc_a-exit.o)
                              C:/ST/STM32CubeIDE_1.13.0/STM32CubeIDE/plugins/com.st.stm32cube.ide.mcu.externaltools.gnu-tools-for-stm32.11.3.rel1.win32_1.1.1.202309131626/tools/bin/../lib/gcc/arm-none-eabi/11.3.1/../../../../arm-none-eabi/lib/thumb/v7e-m+dp/hard/crt0.o (exit)
C:/ST/STM32CubeIDE_1.13.0/STM32CubeIDE/plugins/com.st.stm32cube.ide.mcu.externaltools.gnu-tools-for-stm32.11.3.rel1.win32_1.1.1.202309131626/tools/bin/../lib/gcc/arm-none-eabi/11.3.1/../../../../arm-none-eabi/lib/thumb/v7e-m+dp/hard\libc_nano.a(libc_a-findfp.o)
                              C:/ST/STM32CubeIDE_1.13.0/STM32CubeIDE/plugins/com.st.stm32cube.ide.mcu.externaltools.gnu-tools-for-stm32.11.3.rel1.win32_1.1.1.202309131626/tools/bin/../lib/gcc/arm-none-eabi/11.3.1/../../../../arm-none-eabi/lib/thumb/v7e-m+dp/hard\libc_nano.a(libc_a-exit.o) (__stdio_exit_handler)
C:/ST/STM32CubeIDE_1.13.0/STM32CubeIDE/plugins/com.st.stm32cube.ide.mcu.externaltools.gnu-tools-for-stm32.11.3.rel1.win32_1.1.1.202309131626/tools/bin/../lib/gcc/arm-none-eabi/11.3.1/../../../../arm-none-eabi/lib/thumb/v7e-m+dp/hard\libc_nano.a(libc_a-fwalk.o)
                              C:/ST/STM32CubeIDE_1.13.0/STM32CubeIDE/plugins/com.st.stm32cube.ide.mcu.externaltools.gnu-tools-for-stm32.11.3.rel1.win32_1.1.1.202309131626/tools/bin/../lib/gcc/arm-none-eabi/11.3.1/../../../../arm-none-eabi/lib/thumb/v7e-m+dp/hard\libc_nano.a(libc_a-findfp.o) (_fwalk_sglue)
C:/ST/STM32CubeIDE_1.13.0/STM32CubeIDE/plugins/com.st.stm32cube.ide.mcu.externaltools.gnu-tools-for-stm32.11.3.rel1.win32_1.1.1.202309131626/tools/bin/../lib/gcc/arm-none-eabi/11.3.1/../../../../arm-none-eabi/lib/thumb/v7e-m+dp/hard\libc_nano.a(libc_a-sprintf.o)
                              ./Core/Src/main.o (sprintf)
C:/ST/STM32CubeIDE_1.13.0/STM32CubeIDE/plugins/com.st.stm32cube.ide.mcu.externaltools.gnu-tools-for-stm32.11.3.rel1.win32_1.1.1.202309131626/tools/bin/../lib/gcc/arm-none-eabi/11.3.1/../../../../arm-none-eabi/lib/thumb/v7e-m+dp/hard\libc_nano.a(libc_a-stdio.o)
                              C:/ST/STM32CubeIDE_1.13.0/STM32CubeIDE/plugins/com.st.stm32cube.ide.mcu.externaltools.gnu-tools-for-stm32.11.3.rel1.win32_1.1.1.202309131626/tools/bin/../lib/gcc/arm-none-eabi/11.3.1/../../../../arm-none-eabi/lib/thumb/v7e-m+dp/hard\libc_nano.a(libc_a-findfp.o) (__sread)
C:/ST/STM32CubeIDE_1.13.0/STM32CubeIDE/plugins/com.st.stm32cube.ide.mcu.externaltools.gnu-tools-for-stm32.11.3.rel1.win32_1.1.1.202309131626/tools/bin/../lib/gcc/arm-none-eabi/11.3.1/../../../../arm-none-eabi/lib/thumb/v7e-m+dp/hard\libc_nano.a(libc_a-memset.o)
                              C:/ST/STM32CubeIDE_1.13.0/STM32CubeIDE/plugins/com.st.stm32cube.ide.mcu.externaltools.gnu-tools-for-stm32.11.3.rel1.win32_1.1.1.202309131626/tools/bin/../lib/gcc/arm-none-eabi/11.3.1/../../../../arm-none-eabi/lib/thumb/v7e-m+dp/hard/crt0.o (memset)
C:/ST/STM32CubeIDE_1.13.0/STM32CubeIDE/plugins/com.st.stm32cube.ide.mcu.externaltools.gnu-tools-for-stm32.11.3.rel1.win32_1.1.1.202309131626/tools/bin/../lib/gcc/arm-none-eabi/11.3.1/../../../../arm-none-eabi/lib/thumb/v7e-m+dp/hard\libc_nano.a(libc_a-closer.o)
                              C:/ST/STM32CubeIDE_1.13.0/STM32CubeIDE/plugins/com.st.stm32cube.ide.mcu.externaltools.gnu-tools-for-stm32.11.3.rel1.win32_1.1.1.202309131626/tools/bin/../lib/gcc/arm-none-eabi/11.3.1/../../../../arm-none-eabi/lib/thumb/v7e-m+dp/hard\libc_nano.a(libc_a-stdio.o) (_close_r)
C:/ST/STM32CubeIDE_1.13.0/STM32CubeIDE/plugins/com.st.stm32cube.ide.mcu.externaltools.gnu-tools-for-stm32.11.3.rel1.win32_1.1.1.202309131626/tools/bin/../lib/gcc/arm-none-eabi/11.3.1/../../../../arm-none-eabi/lib/thumb/v7e-m+dp/hard\libc_nano.a(libc_a-reent.o)
                              C:/ST/STM32CubeIDE_1.13.0/STM32CubeIDE/plugins/com.st.stm32cube.ide.mcu.externaltools.gnu-tools-for-stm32.11.3.rel1.win32_1.1.1.202309131626/tools/bin/../lib/gcc/arm-none-eabi/11.3.1/../../../../arm-none-eabi/lib/thumb/v7e-m+dp/hard\libc_nano.a(libc_a-closer.o) (errno)
C:/ST/STM32CubeIDE_1.13.0/STM32CubeIDE/plugins/com.st.stm32cube.ide.mcu.externaltools.gnu-tools-for-stm32.11.3.rel1.win32_1.1.1.202309131626/tools/bin/../lib/gcc/arm-none-eabi/11.3.1/../../../../arm-none-eabi/lib/thumb/v7e-m+dp/hard\libc_nano.a(libc_a-impure.o)
                              C:/ST/STM32CubeIDE_1.13.0/STM32CubeIDE/plugins/com.st.stm32cube.ide.mcu.externaltools.gnu-tools-for-stm32.11.3.rel1.win32_1.1.1.202309131626/tools/bin/../lib/gcc/arm-none-eabi/11.3.1/../../../../arm-none-eabi/lib/thumb/v7e-m+dp/hard\libc_nano.a(libc_a-sprintf.o) (_impure_ptr)
[...]
Memory Configuration

Name             Origin             Length             Attributes
RAM              0x0000000020000000 0x0000000000080000 xrw
FLASH            0x0000000008000000 0x0000000000200000 xr
*default*        0x0000000000000000 0xffffffffffffffff

Linker script and memory map

LOAD C:/ST/STM32CubeIDE_1.13.0/STM32CubeIDE/plugins/com.st.stm32cube.ide.mcu.externaltools.gnu-tools-for-stm32.11.3.rel1.win32_1.1.1.202309131626/tools/bin/../lib/gcc/arm-none-eabi/11.3.1/thumb/v7e-m+dp/hard/crti.o
LOAD C:/ST/STM32CubeIDE_1.13.0/STM32CubeIDE/plugins/com.st.stm32cube.ide.mcu.externaltools.gnu-tools-for-stm32.11.3.rel1.win32_1.1.1.202309131626/tools/bin/../lib/gcc/arm-none-eabi/11.3.1/thumb/v7e-m+dp/hard/crtbegin.o
LOAD C:/ST/STM32CubeIDE_1.13.0/STM32CubeIDE/plugins/com.st.stm32cube.ide.mcu.externaltools.gnu-tools-for-stm32.11.3.rel1.win32_1.1.1.202309131626/tools/bin/../lib/gcc/arm-none-eabi/11.3.1/../../../../arm-none-eabi/lib/thumb/v7e-m+dp/hard/crt0.o
LOAD ./Core/Src/main.o
LOAD ./Core/Src/stm32f7xx_hal_msp.o
LOAD ./Core/Src/stm32f7xx_it.o
LOAD ./Core/Src/syscalls.o
LOAD ./Core/Src/sysmem.o
LOAD ./Core/Src/system_stm32f7xx.o
LOAD ./Core/Startup/startup_stm32f767zitx.o
LOAD ./Drivers/STM32F7xx_HAL_Driver/Src/stm32f7xx_hal.o
LOAD ./Drivers/STM32F7xx_HAL_Driver/Src/stm32f7xx_hal_adc.o
LOAD ./Drivers/STM32F7xx_HAL_Driver/Src/stm32f7xx_hal_adc_ex.o
LOAD ./Drivers/STM32F7xx_HAL_Driver/Src/stm32f7xx_hal_cortex.o
LOAD ./Drivers/STM32F7xx_HAL_Driver/Src/stm32f7xx_hal_dma.o
LOAD ./Drivers/STM32F7xx_HAL_Driver/Src/stm32f7xx_hal_dma_ex.o
LOAD ./Drivers/STM32F7xx_HAL_Driver/Src/stm32f7xx_hal_exti.o
LOAD ./Drivers/STM32F7xx_HAL_Driver/Src/stm32f7xx_hal_flash.o
LOAD ./Drivers/STM32F7xx_HAL_Driver/Src/stm32f7xx_hal_flash_ex.o
LOAD ./Drivers/STM32F7xx_HAL_Driver/Src/stm32f7xx_hal_gpio.o
LOAD ./Drivers/STM32F7xx_HAL_Driver/Src/stm32f7xx_hal_i2c.o
LOAD ./Drivers/STM32F7xx_HAL_Driver/Src/stm32f7xx_hal_i2c_ex.o
LOAD ./Drivers/STM32F7xx_HAL_Driver/Src/stm32f7xx_hal_pwr.o
LOAD ./Drivers/STM32F7xx_HAL_Driver/Src/stm32f7xx_hal_pwr_ex.o
LOAD ./Drivers/STM32F7xx_HAL_Driver/Src/stm32f7xx_hal_rcc.o
LOAD ./Drivers/STM32F7xx_HAL_Driver/Src/stm32f7xx_hal_rcc_ex.o
LOAD ./Drivers/STM32F7xx_HAL_Driver/Src/stm32f7xx_hal_uart.o
LOAD ./Drivers/STM32F7xx_HAL_Driver/Src/stm32f7xx_hal_uart_ex.o
START GROUP
LOAD C:/ST/STM32CubeIDE_1.13.0/STM32CubeIDE/plugins/com.st.stm32cube.ide.mcu.externaltools.gnu-tools-for-stm32.11.3.rel1.win32_1.1.1.202309131626/tools/bin/../lib/gcc/arm-none-eabi/11.3.1/../../../../arm-none-eabi/lib/thumb/v7e-m+dp/hard\libc_nano.a
LOAD C:/ST/STM32CubeIDE_1.13.0/STM32CubeIDE/plugins/com.st.stm32cube.ide.mcu.externaltools.gnu-tools-for-stm32.11.3.rel1.win32_1.1.1.202309131626/tools/bin/../lib/gcc/arm-none-eabi/11.3.1/../../../../arm-none-eabi/lib/thumb/v7e-m+dp/hard\libm.a
END GROUP
START GROUP
LOAD C:/ST/STM32CubeIDE_1.13.0/STM32CubeIDE/plugins/com.st.stm32cube.ide.mcu.externaltools.gnu-tools-for-stm32.11.3.rel1.win32_1.1.1.202309131626/tools/bin/../lib/gcc/arm-none-eabi/11.3.1/thumb/v7e-m+dp/hard\libgcc.a
LOAD C:/ST/STM32CubeIDE_1.13.0/STM32CubeIDE/plugins/com.st.stm32cube.ide.mcu.externaltools.gnu-tools-for-stm32.11.3.rel1.win32_1.1.1.202309131626/tools/bin/../lib/gcc/arm-none-eabi/11.3.1/../../../../arm-none-eabi/lib/thumb/v7e-m+dp/hard\libc_nano.a
END GROUP
START GROUP
LOAD C:/ST/STM32CubeIDE_1.13.0/STM32CubeIDE/plugins/com.st.stm32cube.ide.mcu.externaltools.gnu-tools-for-stm32.11.3.rel1.win32_1.1.1.202309131626/tools/bin/../lib/gcc/arm-none-eabi/11.3.1/thumb/v7e-m+dp/hard\libgcc.a
LOAD C:/ST/STM32CubeIDE_1.13.0/STM32CubeIDE/plugins/com.st.stm32cube.ide.mcu.externaltools.gnu-tools-for-stm32.11.3.rel1.win32_1.1.1.202309131626/tools/bin/../lib/gcc/arm-none-eabi/11.3.1/../../../../arm-none-eabi/lib/thumb/v7e-m+dp/hard\libc_nano.a
LOAD C:/ST/STM32CubeIDE_1.13.0/STM32CubeIDE/plugins/com.st.stm32cube.ide.mcu.externaltools.gnu-tools-for-stm32.11.3.rel1.win32_1.1.1.202309131626/tools/bin/../lib/gcc/arm-none-eabi/11.3.1/../../../../arm-none-eabi/lib/thumb/v7e-m+dp/hard\libnosys.a
END GROUP
START GROUP
LOAD C:/ST/STM32CubeIDE_1.13.0/STM32CubeIDE/plugins/com.st.stm32cube.ide.mcu.externaltools.gnu-tools-for-stm32.11.3.rel1.win32_1.1.1.202309131626/tools/bin/../lib/gcc/arm-none-eabi/11.3.1/thumb/v7e-m+dp/hard\libgcc.a
LOAD C:/ST/STM32CubeIDE_1.13.0/STM32CubeIDE/plugins/com.st.stm32cube.ide.mcu.externaltools.gnu-tools-for-stm32.11.3.rel1.win32_1.1.1.202309131626/tools/bin/../lib/gcc/arm-none-eabi/11.3.1/../../../../arm-none-eabi/lib/thumb/v7e-m+dp/hard\libc_nano.a
LOAD C:/ST/STM32CubeIDE_1.13.0/STM32CubeIDE/plugins/com.st.stm32cube.ide.mcu.externaltools.gnu-tools-for-stm32.11.3.rel1.win32_1.1.1.202309131626/tools/bin/../lib/gcc/arm-none-eabi/11.3.1/../../../../arm-none-eabi/lib/thumb/v7e-m+dp/hard\libnosys.a
END GROUP
LOAD C:/ST/STM32CubeIDE_1.13.0/STM32CubeIDE/plugins/com.st.stm32cube.ide.mcu.externaltools.gnu-tools-for-stm32.11.3.rel1.win32_1.1.1.202309131626/tools/bin/../lib/gcc/arm-none-eabi/11.3.1/thumb/v7e-m+dp/hard/crtend.o
LOAD C:/ST/STM32CubeIDE_1.13.0/STM32CubeIDE/plugins/com.st.stm32cube.ide.mcu.externaltools.gnu-tools-for-stm32.11.3.rel1.win32_1.1.1.202309131626/tools/bin/../lib/gcc/arm-none-eabi/11.3.1/thumb/v7e-m+dp/hard/crtn.o
                0x0000000020080000                _estack = (ORIGIN (RAM) + LENGTH (RAM))
                0x0000000000000200                _Min_Heap_Size = 0x200
                0x0000000000000400                _Min_Stack_Size = 0x400

.isr_vector     0x0000000008000000      0x1f8
                0x0000000008000000                . = ALIGN (0x4)
 *(.isr_vector)
 .isr_vector    0x0000000008000000      0x1f8 ./Core/Startup/startup_stm32f767zitx.o
                0x0000000008000000                g_pfnVectors
                0x00000000080001f8                . = ALIGN (0x4)

.text           0x0000000008000200     0x5ad8
                0x0000000008000200                . = ALIGN (0x4)
 *(.text)
 .text          0x0000000008000200       0x40 C:/ST/STM32CubeIDE_1.13.0/STM32CubeIDE/plugins/com.st.stm32cube.ide.mcu.externaltools.gnu-tools-for-stm32.11.3.rel1.win32_1.1.1.202309131626/tools/bin/../lib/gcc/arm-none-eabi/11.3.1/thumb/v7e-m+dp/hard/crtbegin.o
 .text          0x0000000008000240       0x10 C:/ST/STM32CubeIDE_1.13.0/STM32CubeIDE/plugins/com.st.stm32cube.ide.mcu.externaltools.gnu-tools-for-stm32.11.3.rel1.win32_1.1.1.202309131626/tools/bin/../lib/gcc/arm-none-eabi/11.3.1/../../../../arm-none-eabi/lib/thumb/v7e-m+dp/hard\libc_nano.a(libc_a-strlen.o)
                0x0000000008000240                strlen
 .text          0x0000000008000250       0xa0 C:/ST/STM32CubeIDE_1.13.0/STM32CubeIDE/plugins/com.st.stm32cube.ide.mcu.externaltools.gnu-tools-for-stm32.11.3.rel1.win32_1.1.1.202309131626/tools/bin/../lib/gcc/arm-none-eabi/11.3.1/../../../../arm-none-eabi/lib/thumb/v7e-m+dp/hard\libc_nano.a(libc_a-memchr.o)
                0x0000000008000250                memchr
 .text          0x00000000080002f0       0x30 C:/ST/STM32CubeIDE_1.13.0/STM32CubeIDE/plugins/com.st.stm32cube.ide.mcu.externaltools.gnu-tools-for-stm32.11.3.rel1.win32_1.1.1.202309131626/tools/bin/../lib/gcc/arm-none-eabi/11.3.1/thumb/v7e-m+dp/hard\libgcc.a(_aeabi_uldivmod.o)
                0x00000000080002f0                __aeabi_uldivmod
 .text          0x0000000008000320      0x2c8 C:/ST/STM32CubeIDE_1.13.0/STM32CubeIDE/plugins/com.st.stm32cube.ide.mcu.externaltools.gnu-tools-for-stm32.11.3.rel1.win32_1.1.1.202309131626/tools/bin/../lib/gcc/arm-none-eabi/11.3.1/thumb/v7e-m+dp/hard\libgcc.a(_udivmoddi4.o)
                0x0000000008000320                __udivmoddi4
 .text          0x00000000080005e8        0x4 C:/ST/STM32CubeIDE_1.13.0/STM32CubeIDE/plugins/com.st.stm32cube.ide.mcu.externaltools.gnu-tools-for-stm32.11.3.rel1.win32_1.1.1.202309131626/tools/bin/../lib/gcc/arm-none-eabi/11.3.1/thumb/v7e-m+dp/hard\libgcc.a(_dvmd_tls.o)
                0x00000000080005e8                __aeabi_idiv0
                0x00000000080005e8                __aeabi_ldiv0
 *(.text*)
 .text.main     0x00000000080005ec      0x210 ./Core/Src/main.o
                0x00000000080005ec                main
 .text.SystemClock_Config
                0x00000000080007fc       0xdc ./Core/Src/main.o
                0x00000000080007fc                SystemClock_Config
 .text.MX_ADC1_Init
                0x00000000080008d8       0xc0 ./Core/Src/main.o
 .text.MX_USART1_UART_Init
                0x0000000008000998       0x60 ./Core/Src/main.o
 .text.MX_USART3_UART_Init
                0x00000000080009f8       0x60 ./Core/Src/main.o
 .text.MX_DMA_Init
                0x0000000008000a58       0x3c ./Core/Src/main.o
 .text.MX_GPIO_Init
                0x0000000008000a94      0x188 ./Core/Src/main.o
 .text.HAL_GPIO_EXTI_Callback
                0x0000000008000c1c       0x78 ./Core/Src/main.o
                0x0000000008000c1c                HAL_GPIO_EXTI_Callback
 .text.HAL_UART_RxCpltCallback
                0x0000000008000c94       0x7c ./Core/Src/main.o
                0x0000000008000c94                HAL_UART_RxCpltCallback
 .text.Error_Handler
                0x0000000008000d10        0xa ./Core/Src/main.o
                0x0000000008000d10                Error_Handler
 *fill*         0x0000000008000d1a        0x2 
 .text.HAL_MspInit
                0x0000000008000d1c       0x48 ./Core/Src/stm32f7xx_hal_msp.o
                0x0000000008000d1c                HAL_MspInit
 .text.HAL_ADC_MspInit
                0x0000000008000d64       0xf8 ./Core/Src/stm32f7xx_hal_msp.o
                0x0000000008000d64                HAL_ADC_MspInit
 .text.HAL_UART_MspInit
                0x0000000008000e5c      0x194 ./Core/Src/stm32f7xx_hal_msp.o
                0x0000000008000e5c                HAL_UART_MspInit
 .text.NMI_Handler
                0x0000000008000ff0        0x6 ./Core/Src/stm32f7xx_it.o
                0x0000000008000ff0                NMI_Handler
 .text.HardFault_Handler
                0x0000000008000ff6        0x6 ./Core/Src/stm32f7xx_it.o
                0x0000000008000ff6                HardFault_Handler
 .text.MemManage_Handler
                0x0000000008000ffc        0x6 ./Core/Src/stm32f7xx_it.o
                0x0000000008000ffc                MemManage_Handler
 .text.BusFault_Handler
                0x0000000008001002        0x6 ./Core/Src/stm32f7xx_it.o
                0x0000000008001002                BusFault_Handler
 .text.UsageFault_Handler
                0x0000000008001008        0x6 ./Core/Src/stm32f7xx_it.o
                0x0000000008001008                UsageFault_Handler
 .text.SVC_Handler
                0x000000000800100e        0xe ./Core/Src/stm32f7xx_it.o
                0x000000000800100e                SVC_Handler
 .text.DebugMon_Handler
                0x000000000800101c        0xe ./Core/Src/stm32f7xx_it.o
                0x000000000800101c                DebugMon_Handler
 .text.PendSV_Handler
                0x000000000800102a        0xe ./Core/Src/stm32f7xx_it.o
                0x000000000800102a                PendSV_Handler
 .text.SysTick_Handler
                0x0000000008001038        0xc ./Core/Src/stm32f7xx_it.o
                0x0000000008001038                SysTick_Handler
 .text.EXTI0_IRQHandler
                0x0000000008001044        0xe ./Core/Src/stm32f7xx_it.o
                0x0000000008001044                EXTI0_IRQHandler
 .text.EXTI1_IRQHandler
                0x0000000008001052        0xe ./Core/Src/stm32f7xx_it.o
                0x0000000008001052                EXTI1_IRQHandler
 .text.ADC_IRQHandler
                0x0000000008001060       0x14 ./Core/Src/stm32f7xx_it.o
                0x0000000008001060                ADC_IRQHandler
 .text.USART1_IRQHandler
                0x0000000008001074       0x14 ./Core/Src/stm32f7xx_it.o
                0x0000000008001074                USART1_IRQHandler
 .text.USART3_IRQHandler
                0x0000000008001088       0x14 ./Core/Src/stm32f7xx_it.o
                0x0000000008001088                USART3_IRQHandler
 .text.EXTI15_10_IRQHandler
                0x000000000800109c       0x10 ./Core/Src/stm32f7xx_it.o
                0x000000000800109c                EXTI15_10_IRQHandler
 .text.DMA2_Stream0_IRQHandler
                0x00000000080010ac       0x14 ./Core/Src/stm32f7xx_it.o
                0x00000000080010ac                DMA2_Stream0_IRQHandler
 .text._sbrk    0x00000000080010c0       0x6c ./Core/Src/sysmem.o
                0x00000000080010c0                _sbrk
 .text.SystemInit
                0x000000000800112c       0x24 ./Core/Src/system_stm32f7xx.o
                0x000000000800112c                SystemInit
 .text.Reset_Handler
                0x0000000008001150       0x50 ./Core/Startup/startup_stm32f767zitx.o
                0x0000000008001150                Reset_Handler
 .text.Default_Handler
                0x00000000080011a0        0x2 ./Core/Startup/startup_stm32f767zitx.o
                0x00000000080011a0                RTC_Alarm_IRQHandler
                0x00000000080011a0                EXTI2_IRQHandler
                0x00000000080011a0                TIM8_CC_IRQHandler
                0x00000000080011a0                UART8_IRQHandler
                0x00000000080011a0                SPI4_IRQHandler
                0x00000000080011a0                TIM1_CC_IRQHandler
                0x00000000080011a0                DMA2_Stream5_IRQHandler
                0x00000000080011a0                JPEG_IRQHandler
                0x00000000080011a0                DMA1_Stream5_IRQHandler
                0x00000000080011a0                CAN3_RX1_IRQHandler
                0x00000000080011a0                PVD_IRQHandler
                0x00000000080011a0                TAMP_STAMP_IRQHandler
                0x00000000080011a0                CAN2_RX1_IRQHandler
                0x00000000080011a0                EXTI3_IRQHandler
                0x00000000080011a0                TIM8_TRG_COM_TIM14_IRQHandler
                0x00000000080011a0                DFSDM1_FLT1_IRQHandler
                0x00000000080011a0                TIM1_UP_TIM10_IRQHandler
                0x00000000080011a0                TIM8_UP_TIM13_IRQHandler
                0x00000000080011a0                I2C3_ER_IRQHandler
                0x00000000080011a0                DFSDM1_FLT2_IRQHandler
                0x00000000080011a0                I2C2_EV_IRQHandler
                0x00000000080011a0                DMA1_Stream2_IRQHandler
                0x00000000080011a0                CAN1_RX0_IRQHandler
                0x00000000080011a0                FPU_IRQHandler
                0x00000000080011a0                OTG_HS_WKUP_IRQHandler
                0x00000000080011a0                CAN3_SCE_IRQHandler
                0x00000000080011a0                LTDC_ER_IRQHandler
                0x00000000080011a0                CAN2_SCE_IRQHandler
                0x00000000080011a0                DMA2_Stream2_IRQHandler
                0x00000000080011a0                SPI1_IRQHandler
                0x00000000080011a0                TIM6_DAC_IRQHandler
                0x00000000080011a0                TIM1_BRK_TIM9_IRQHandler
                0x00000000080011a0                DCMI_IRQHandler
                0x00000000080011a0                CAN2_RX0_IRQHandler
                0x00000000080011a0                DMA2_Stream3_IRQHandler
                0x00000000080011a0                SAI2_IRQHandler
                0x00000000080011a0                DFSDM1_FLT3_IRQHandler
                0x00000000080011a0                USART6_IRQHandler
                0x00000000080011a0                CAN3_RX0_IRQHandler
                0x00000000080011a0                CAN1_RX1_IRQHandler
                0x00000000080011a0                UART5_IRQHandler
                0x00000000080011a0                TIM4_IRQHandler
                0x00000000080011a0                QUADSPI_IRQHandler
                0x00000000080011a0                I2C1_EV_IRQHandler
                0x00000000080011a0                DMA1_Stream6_IRQHandler
                0x00000000080011a0                DMA1_Stream1_IRQHandler
                0x00000000080011a0                UART4_IRQHandler
                0x00000000080011a0                TIM3_IRQHandler
                0x00000000080011a0                RCC_IRQHandler
                0x00000000080011a0                TIM8_BRK_TIM12_IRQHandler
                0x00000000080011a0                Default_Handler
                0x00000000080011a0                CEC_IRQHandler
                0x00000000080011a0                DMA1_Stream7_IRQHandler
                0x00000000080011a0                SPI5_IRQHandler
                0x00000000080011a0                TIM7_IRQHandler
                0x00000000080011a0                SDMMC1_IRQHandler
                0x00000000080011a0                CAN2_TX_IRQHandler
                0x00000000080011a0                TIM5_IRQHandler
                0x00000000080011a0                DMA2_Stream7_IRQHandler
                0x00000000080011a0                I2C3_EV_IRQHandler
                0x00000000080011a0                EXTI9_5_IRQHandler
                0x00000000080011a0                RTC_WKUP_IRQHandler
                0x00000000080011a0                LTDC_IRQHandler
                0x00000000080011a0                ETH_WKUP_IRQHandler
                0x00000000080011a0                SPDIF_RX_IRQHandler
                0x00000000080011a0                SPI2_IRQHandler
                0x00000000080011a0                OTG_HS_EP1_IN_IRQHandler
                0x00000000080011a0                DMA1_Stream0_IRQHandler
                0x00000000080011a0                CAN1_TX_IRQHandler
                0x00000000080011a0                EXTI4_IRQHandler
                0x00000000080011a0                RNG_IRQHandler
                0x00000000080011a0                ETH_IRQHandler
                0x00000000080011a0                OTG_HS_EP1_OUT_IRQHandler
                0x00000000080011a0                WWDG_IRQHandler
                0x00000000080011a0                SPI6_IRQHandler
                0x00000000080011a0                MDIOS_IRQHandler
                0x00000000080011a0                I2C4_EV_IRQHandler
                0x00000000080011a0                CAN3_TX_IRQHandler
                0x00000000080011a0                TIM2_IRQHandler
                0x00000000080011a0                OTG_FS_WKUP_IRQHandler
                0x00000000080011a0                TIM1_TRG_COM_TIM11_IRQHandler
                0x00000000080011a0                OTG_HS_IRQHandler
                0x00000000080011a0                DMA2D_IRQHandler
                0x00000000080011a0                SDMMC2_IRQHandler
                0x00000000080011a0                UART7_IRQHandler
                0x00000000080011a0                USART2_IRQHandler
                0x00000000080011a0                DFSDM1_FLT0_IRQHandler
                0x00000000080011a0                I2C2_ER_IRQHandler
                0x00000000080011a0                DMA2_Stream1_IRQHandler
                0x00000000080011a0                CAN1_SCE_IRQHandler
                0x00000000080011a0                FLASH_IRQHandler
                0x00000000080011a0                DMA2_Stream4_IRQHandler
                0x00000000080011a0                OTG_FS_IRQHandler
                0x00000000080011a0                SPI3_IRQHandler
                0x00000000080011a0                DMA1_Stream4_IRQHandler
                0x00000000080011a0                I2C1_ER_IRQHandler
                0x00000000080011a0                FMC_IRQHandler
                0x00000000080011a0                LPTIM1_IRQHandler
                0x00000000080011a0                I2C4_ER_IRQHandler
                0x00000000080011a0                DMA2_Stream6_IRQHandler
                0x00000000080011a0                SAI1_IRQHandler
                0x00000000080011a0                DMA1_Stream3_IRQHandler
 .text.HAL_Init
                0x00000000080011a2       0x1a ./Drivers/STM32F7xx_HAL_Driver/Src/stm32f7xx_hal.o
                0x00000000080011a2                HAL_Init
 .text.HAL_InitTick
                0x00000000080011bc       0x60 ./Drivers/STM32F7xx_HAL_Driver/Src/stm32f7xx_hal.o
                0x00000000080011bc                HAL_InitTick
 .text.HAL_IncTick
                0x000000000800121c       0x28 ./Drivers/STM32F7xx_HAL_Driver/Src/stm32f7xx_hal.o
                0x000000000800121c                HAL_IncTick
 .text.HAL_GetTick
                0x0000000008001244       0x18 ./Drivers/STM32F7xx_HAL_Driver/Src/stm32f7xx_hal.o
                0x0000000008001244                HAL_GetTick
 .text.HAL_Delay
                0x000000000800125c       0x48 ./Drivers/STM32F7xx_HAL_Driver/Src/stm32f7xx_hal.o
                0x000000000800125c                HAL_Delay
 .text.HAL_ADC_Init
                0x00000000080012a4       0x88 ./Drivers/STM32F7xx_HAL_Driver/Src/stm32f7xx_hal_adc.o
                0x00000000080012a4                HAL_ADC_Init
 .text.HAL_ADC_IRQHandler
                0x000000000800132c      0x220 ./Drivers/STM32F7xx_HAL_Driver/Src/stm32f7xx_hal_adc.o
                0x000000000800132c                HAL_ADC_IRQHandler
 .text.HAL_ADC_Start_DMA
                0x000000000800154c      0x1f4 ./Drivers/STM32F7xx_HAL_Driver/Src/stm32f7xx_hal_adc.o
                0x000000000800154c                HAL_ADC_Start_DMA
 .text.HAL_ADC_ConvCpltCallback
                0x0000000008001740       0x14 ./Drivers/STM32F7xx_HAL_Driver/Src/stm32f7xx_hal_adc.o
                0x0000000008001740                HAL_ADC_ConvCpltCallback
 .text.HAL_ADC_ConvHalfCpltCallback
                0x0000000008001754       0x14 ./Drivers/STM32F7xx_HAL_Driver/Src/stm32f7xx_hal_adc.o
                0x0000000008001754                HAL_ADC_ConvHalfCpltCallback
 .text.HAL_ADC_LevelOutOfWindowCallback
                0x0000000008001768       0x14 ./Drivers/STM32F7xx_HAL_Driver/Src/stm32f7xx_hal_adc.o
                0x0000000008001768                HAL_ADC_LevelOutOfWindowCallback
 .text.HAL_ADC_ErrorCallback
                0x000000000800177c       0x14 ./Drivers/STM32F7xx_HAL_Driver/Src/stm32f7xx_hal_adc.o
                0x000000000800177c                HAL_ADC_ErrorCallback
 .text.HAL_ADC_ConfigChannel
                0x0000000008001790      0x2ac ./Drivers/STM32F7xx_HAL_Driver/Src/stm32f7xx_hal_adc.o
                0x0000000008001790                HAL_ADC_ConfigChannel
 .text.ADC_Init
                0x0000000008001a3c      0x1f4 ./Drivers/STM32F7xx_HAL_Driver/Src/stm32f7xx_hal_adc.o
 .text.ADC_DMAConvCplt
                0x0000000008001c30       0xba ./Drivers/STM32F7xx_HAL_Driver/Src/stm32f7xx_hal_adc.o
 .text.ADC_DMAHalfConvCplt
                0x0000000008001cea       0x1c ./Drivers/STM32F7xx_HAL_Driver/Src/stm32f7xx_hal_adc.o
 .text.ADC_DMAError
                0x0000000008001d06       0x2e ./Drivers/STM32F7xx_HAL_Driver/Src/stm32f7xx_hal_adc.o
 .text.HAL_ADCEx_InjectedConvCpltCallback
                0x0000000008001d34       0x14 ./Drivers/STM32F7xx_HAL_Driver/Src/stm32f7xx_hal_adc_ex.o
                0x0000000008001d34                HAL_ADCEx_InjectedConvCpltCallback
 .text.__NVIC_SetPriorityGrouping
                0x0000000008001d48       0x48 ./Drivers/STM32F7xx_HAL_Driver/Src/stm32f7xx_hal_cortex.o
 .text.__NVIC_GetPriorityGrouping
                0x0000000008001d90       0x1c ./Drivers/STM32F7xx_HAL_Driver/Src/stm32f7xx_hal_cortex.o
 .text.__NVIC_EnableIRQ
                0x0000000008001dac       0x3c ./Drivers/STM32F7xx_HAL_Driver/Src/stm32f7xx_hal_cortex.o
 .text.__NVIC_SetPriority
                0x0000000008001de8       0x54 ./Drivers/STM32F7xx_HAL_Driver/Src/stm32f7xx_hal_cortex.o
 .text.NVIC_EncodePriority
                0x0000000008001e3c       0x66 ./Drivers/STM32F7xx_HAL_Driver/Src/stm32f7xx_hal_cortex.o
 *fill*         0x0000000008001ea2        0x2 
 .text.SysTick_Config
                0x0000000008001ea4       0x44 ./Drivers/STM32F7xx_HAL_Driver/Src/stm32f7xx_hal_cortex.o
 .text.HAL_NVIC_SetPriorityGrouping
                0x0000000008001ee8       0x16 ./Drivers/STM32F7xx_HAL_Driver/Src/stm32f7xx_hal_cortex.o
                0x0000000008001ee8                HAL_NVIC_SetPriorityGrouping
 .text.HAL_NVIC_SetPriority
                0x0000000008001efe       0x38 ./Drivers/STM32F7xx_HAL_Driver/Src/stm32f7xx_hal_cortex.o
                0x0000000008001efe                HAL_NVIC_SetPriority
 .text.HAL_NVIC_EnableIRQ
                0x0000000008001f36       0x1c ./Drivers/STM32F7xx_HAL_Driver/Src/stm32f7xx_hal_cortex.o
                0x0000000008001f36                HAL_NVIC_EnableIRQ
 .text.HAL_SYSTICK_Config
                0x0000000008001f52       0x18 ./Drivers/STM32F7xx_HAL_Driver/Src/stm32f7xx_hal_cortex.o
                0x0000000008001f52                HAL_SYSTICK_Config
 *fill*         0x0000000008001f6a        0x2 
 .text.HAL_DMA_Init
                0x0000000008001f6c      0x15c ./Drivers/STM32F7xx_HAL_Driver/Src/stm32f7xx_hal_dma.o
                0x0000000008001f6c                HAL_DMA_Init
 .text.HAL_DMA_Start_IT
                0x00000000080020c8       0xc0 ./Drivers/STM32F7xx_HAL_Driver/Src/stm32f7xx_hal_dma.o
                0x00000000080020c8                HAL_DMA_Start_IT
 .text.HAL_DMA_Abort
                0x0000000008002188       0xe0 ./Drivers/STM32F7xx_HAL_Driver/Src/stm32f7xx_hal_dma.o
                0x0000000008002188                HAL_DMA_Abort
 .text.HAL_DMA_Abort_IT
                0x0000000008002268       0x44 ./Drivers/STM32F7xx_HAL_Driver/Src/stm32f7xx_hal_dma.o
                0x0000000008002268                HAL_DMA_Abort_IT
 .text.HAL_DMA_IRQHandler
                0x00000000080022ac      0x314 ./Drivers/STM32F7xx_HAL_Driver/Src/stm32f7xx_hal_dma.o
                0x00000000080022ac                HAL_DMA_IRQHandler
 .text.DMA_SetConfig
                0x00000000080025c0       0x5c ./Drivers/STM32F7xx_HAL_Driver/Src/stm32f7xx_hal_dma.o
 .text.DMA_CalcBaseAndBitshift
                0x000000000800261c       0x6c ./Drivers/STM32F7xx_HAL_Driver/Src/stm32f7xx_hal_dma.o
 .text.DMA_CheckFifoParam
                0x0000000008002688       0xf8 ./Drivers/STM32F7xx_HAL_Driver/Src/stm32f7xx_hal_dma.o
 .text.HAL_GPIO_Init
                0x0000000008002780      0x358 ./Drivers/STM32F7xx_HAL_Driver/Src/stm32f7xx_hal_gpio.o
                0x0000000008002780                HAL_GPIO_Init
 .text.HAL_GPIO_WritePin
                0x0000000008002ad8       0x32 ./Drivers/STM32F7xx_HAL_Driver/Src/stm32f7xx_hal_gpio.o
                0x0000000008002ad8                HAL_GPIO_WritePin
 *fill*         0x0000000008002b0a        0x2 
 .text.HAL_GPIO_EXTI_IRQHandler
                0x0000000008002b0c       0x30 ./Drivers/STM32F7xx_HAL_Driver/Src/stm32f7xx_hal_gpio.o
                0x0000000008002b0c                HAL_GPIO_EXTI_IRQHandler
 .text.HAL_PWREx_EnableOverDrive
                0x0000000008002b3c       0xa0 ./Drivers/STM32F7xx_HAL_Driver/Src/stm32f7xx_hal_pwr_ex.o
                0x0000000008002b3c                HAL_PWREx_EnableOverDrive
 .text.HAL_RCC_OscConfig
                0x0000000008002bdc      0x55c ./Drivers/STM32F7xx_HAL_Driver/Src/stm32f7xx_hal_rcc.o
                0x0000000008002bdc                HAL_RCC_OscConfig
 .text.HAL_RCC_ClockConfig
                0x0000000008003138      0x1d8 ./Drivers/STM32F7xx_HAL_Driver/Src/stm32f7xx_hal_rcc.o
                0x0000000008003138                HAL_RCC_ClockConfig
 .text.HAL_RCC_GetSysClockFreq
                0x0000000008003310      0x18c ./Drivers/STM32F7xx_HAL_Driver/Src/stm32f7xx_hal_rcc.o
                0x0000000008003310                HAL_RCC_GetSysClockFreq
 .text.HAL_RCC_GetHCLKFreq
                0x000000000800349c       0x18 ./Drivers/STM32F7xx_HAL_Driver/Src/stm32f7xx_hal_rcc.o
                0x000000000800349c                HAL_RCC_GetHCLKFreq
 .text.HAL_RCC_GetPCLK1Freq
                0x00000000080034b4       0x28 ./Drivers/STM32F7xx_HAL_Driver/Src/stm32f7xx_hal_rcc.o
                0x00000000080034b4                HAL_RCC_GetPCLK1Freq
 .text.HAL_RCC_GetPCLK2Freq
                0x00000000080034dc       0x28 ./Drivers/STM32F7xx_HAL_Driver/Src/stm32f7xx_hal_rcc.o
                0x00000000080034dc                HAL_RCC_GetPCLK2Freq
 .text.HAL_RCCEx_PeriphCLKConfig
                0x0000000008003504      0x850 ./Drivers/STM32F7xx_HAL_Driver/Src/stm32f7xx_hal_rcc_ex.o
                0x0000000008003504                HAL_RCCEx_PeriphCLKConfig
 .text.HAL_UART_Init
                0x0000000008003d54       0x9c ./Drivers/STM32F7xx_HAL_Driver/Src/stm32f7xx_hal_uart.o
                0x0000000008003d54                HAL_UART_Init
 .text.HAL_UART_Transmit
                0x0000000008003df0      0x106 ./Drivers/STM32F7xx_HAL_Driver/Src/stm32f7xx_hal_uart.o
                0x0000000008003df0                HAL_UART_Transmit
 .text.HAL_UART_Receive_IT
                0x0000000008003ef6       0x88 ./Drivers/STM32F7xx_HAL_Driver/Src/stm32f7xx_hal_uart.o
                0x0000000008003ef6                HAL_UART_Receive_IT
 *fill*         0x0000000008003f7e        0x2 
 .text.HAL_UART_IRQHandler
                0x0000000008003f80      0x5d0 ./Drivers/STM32F7xx_HAL_Driver/Src/stm32f7xx_hal_uart.o
                0x0000000008003f80                HAL_UART_IRQHandler
 .text.HAL_UART_TxCpltCallback
                0x0000000008004550       0x14 ./Drivers/STM32F7xx_HAL_Driver/Src/stm32f7xx_hal_uart.o
                0x0000000008004550                HAL_UART_TxCpltCallback
 .text.HAL_UART_ErrorCallback
                0x0000000008004564       0x14 ./Drivers/STM32F7xx_HAL_Driver/Src/stm32f7xx_hal_uart.o
                0x0000000008004564                HAL_UART_ErrorCallback
 .text.HAL_UARTEx_RxEventCallback
                0x0000000008004578       0x18 ./Drivers/STM32F7xx_HAL_Driver/Src/stm32f7xx_hal_uart.o
                0x0000000008004578                HAL_UARTEx_RxEventCallback
 .text.HAL_UARTEx_WakeupCallback
                0x0000000008004590       0x14 ./Drivers/STM32F7xx_HAL_Driver/Src/stm32f7xx_hal_uart.o
                0x0000000008004590                HAL_UARTEx_WakeupCallback
 .text.UART_SetConfig
                0x00000000080045a4      0x4c8 ./Drivers/STM32F7xx_HAL_Driver/Src/stm32f7xx_hal_uart.o
                0x00000000080045a4                UART_SetConfig
 .text.UART_AdvFeatureConfig
                0x0000000008004a6c      0x144 ./Drivers/STM32F7xx_HAL_Driver/Src/stm32f7xx_hal_uart.o
                0x0000000008004a6c                UART_AdvFeatureConfig
 .text.UART_CheckIdleState
                0x0000000008004bb0       0x9a ./Drivers/STM32F7xx_HAL_Driver/Src/stm32f7xx_hal_uart.o
                0x0000000008004bb0                UART_CheckIdleState
 .text.UART_WaitOnFlagUntilTimeout
                0x0000000008004c4a      0x18c ./Drivers/STM32F7xx_HAL_Driver/Src/stm32f7xx_hal_uart.o
                0x0000000008004c4a                UART_WaitOnFlagUntilTimeout
 *fill*         0x0000000008004dd6        0x2 
 .text.UART_Start_Receive_IT
                0x0000000008004dd8      0x18c ./Drivers/STM32F7xx_HAL_Driver/Src/stm32f7xx_hal_uart.o
                0x0000000008004dd8                UART_Start_Receive_IT
 .text.UART_EndRxTransfer
                0x0000000008004f64       0xc8 ./Drivers/STM32F7xx_HAL_Driver/Src/stm32f7xx_hal_uart.o
 .text.UART_DMAAbortOnError
                0x000000000800502c       0x2c ./Drivers/STM32F7xx_HAL_Driver/Src/stm32f7xx_hal_uart.o
 .text.UART_EndTransmit_IT
                0x0000000008005058       0x54 ./Drivers/STM32F7xx_HAL_Driver/Src/stm32f7xx_hal_uart.o
 .text.UART_RxISR_8BIT
                0x00000000080050ac      0x166 ./Drivers/STM32F7xx_HAL_Driver/Src/stm32f7xx_hal_uart.o
 .text.UART_RxISR_16BIT
                0x0000000008005212      0x166 ./Drivers/STM32F7xx_HAL_Driver/Src/stm32f7xx_hal_uart.o
 .text.sprintf  0x0000000008005378       0x40 C:/ST/STM32CubeIDE_1.13.0/STM32CubeIDE/plugins/com.st.stm32cube.ide.mcu.externaltools.gnu-tools-for-stm32.11.3.rel1.win32_1.1.1.202309131626/tools/bin/../lib/gcc/arm-none-eabi/11.3.1/../../../../arm-none-eabi/lib/thumb/v7e-m+dp/hard\libc_nano.a(libc_a-sprintf.o)
                0x0000000008005378                siprintf
                0x0000000008005378                sprintf
 .text.memset   0x00000000080053b8       0x10 C:/ST/STM32CubeIDE_1.13.0/STM32CubeIDE/plugins/com.st.stm32cube.ide.mcu.externaltools.gnu-tools-for-stm32.11.3.rel1.win32_1.1.1.202309131626/tools/bin/../lib/gcc/arm-none-eabi/11.3.1/../../../../arm-none-eabi/lib/thumb/v7e-m+dp/hard\libc_nano.a(libc_a-memset.o)
                0x00000000080053b8                memset
 .text.__errno  0x00000000080053c8        0xc C:/ST/STM32CubeIDE_1.13.0/STM32CubeIDE/plugins/com.st.stm32cube.ide.mcu.externaltools.gnu-tools-for-stm32.11.3.rel1.win32_1.1.1.202309131626/tools/bin/../lib/gcc/arm-none-eabi/11.3.1/../../../../arm-none-eabi/lib/thumb/v7e-m+dp/hard\libc_nano.a(libc_a-errno.o)
                0x00000000080053c8                __errno
 .text.__libc_init_array
                0x00000000080053d4       0x48 C:/ST/STM32CubeIDE_1.13.0/STM32CubeIDE/plugins/com.st.stm32cube.ide.mcu.externaltools.gnu-tools-for-stm32.11.3.rel1.win32_1.1.1.202309131626/tools/bin/../lib/gcc/arm-none-eabi/11.3.1/../../../../arm-none-eabi/lib/thumb/v7e-m+dp/hard\libc_nano.a(libc_a-init.o)
                0x00000000080053d4                __libc_init_array
 .text.__retarget_lock_acquire_recursive
                0x000000000800541c        0x2 C:/ST/STM32CubeIDE_1.13.0/STM32CubeIDE/plugins/com.st.stm32cube.ide.mcu.externaltools.gnu-tools-for-stm32.11.3.rel1.win32_1.1.1.202309131626/tools/bin/../lib/gcc/arm-none-eabi/11.3.1/../../../../arm-none-eabi/lib/thumb/v7e-m+dp/hard\libc_nano.a(libc_a-lock.o)
                0x000000000800541c                __retarget_lock_acquire_recursive
 .text.__retarget_lock_release_recursive
                0x000000000800541e        0x2 C:/ST/STM32CubeIDE_1.13.0/STM32CubeIDE/plugins/com.st.stm32cube.ide.mcu.externaltools.gnu-tools-for-stm32.11.3.rel1.win32_1.1.1.202309131626/tools/bin/../lib/gcc/arm-none-eabi/11.3.1/../../../../arm-none-eabi/lib/thumb/v7e-m+dp/hard\libc_nano.a(libc_a-lock.o)
                0x000000000800541e                __retarget_lock_release_recursive
 .text._free_r  0x0000000008005420       0x98 C:/ST/STM32CubeIDE_1.13.0/STM32CubeIDE/plugins/com.st.stm32cube.ide.mcu.externaltools.gnu-tools-for-stm32.11.3.rel1.win32_1.1.1.202309131626/tools/bin/../lib/gcc/arm-none-eabi/11.3.1/../../../../arm-none-eabi/lib/thumb/v7e-m+dp/hard\libc_nano.a(libc_a-freer.o)
                0x0000000008005420                _free_r
 .text.sbrk_aligned
                0x00000000080054b8       0x40 C:/ST/STM32CubeIDE_1.13.0/STM32CubeIDE/plugins/com.st.stm32cube.ide.mcu.externaltools.gnu-tools-for-stm32.11.3.rel1.win32_1.1.1.202309131626/tools/bin/../lib/gcc/arm-none-eabi/11.3.1/../../../../arm-none-eabi/lib/thumb/v7e-m+dp/hard\libc_nano.a(libc_a-mallocr.o)
 .text._malloc_r
                0x00000000080054f8      0x100 C:/ST/STM32CubeIDE_1.13.0/STM32CubeIDE/plugins/com.st.stm32cube.ide.mcu.externaltools.gnu-tools-for-stm32.11.3.rel1.win32_1.1.1.202309131626/tools/bin/../lib/gcc/arm-none-eabi/11.3.1/../../../../arm-none-eabi/lib/thumb/v7e-m+dp/hard\libc_nano.a(libc_a-mallocr.o)
                0x00000000080054f8                _malloc_r
 .text.__malloc_lock
                0x00000000080055f8        0xc C:/ST/STM32CubeIDE_1.13.0/STM32CubeIDE/plugins/com.st.stm32cube.ide.mcu.externaltools.gnu-tools-for-stm32.11.3.rel1.win32_1.1.1.202309131626/tools/bin/../lib/gcc/arm-none-eabi/11.3.1/../../../../arm-none-eabi/lib/thumb/v7e-m+dp/hard\libc_nano.a(libc_a-mlock.o)
                0x00000000080055f8                __malloc_lock
 .text.__malloc_unlock
                0x0000000008005604        0xc C:/ST/STM32CubeIDE_1.13.0/STM32CubeIDE/plugins/com.st.stm32cube.ide.mcu.externaltools.gnu-tools-for-stm32.11.3.rel1.win32_1.1.1.202309131626/tools/bin/../lib/gcc/arm-none-eabi/11.3.1/../../../../arm-none-eabi/lib/thumb/v7e-m+dp/hard\libc_nano.a(libc_a-mlock.o)
                0x0000000008005604                __malloc_unlock
 .text.__ssputs_r
                0x0000000008005610       0xb4 C:/ST/STM32CubeIDE_1.13.0/STM32CubeIDE/plugins/com.st.stm32cube.ide.mcu.externaltools.gnu-tools-for-stm32.11.3.rel1.win32_1.1.1.202309131626/tools/bin/../lib/gcc/arm-none-eabi/11.3.1/../../../../arm-none-eabi/lib/thumb/v7e-m+dp/hard\libc_nano.a(libc_a-nano-svfprintf.o)
                0x0000000008005610                __ssputs_r
 .text._svfprintf_r
                0x00000000080056c4      0x1fc C:/ST/STM32CubeIDE_1.13.0/STM32CubeIDE/plugins/com.st.stm32cube.ide.mcu.externaltools.gnu-tools-for-stm32.11.3.rel1.win32_1.1.1.202309131626/tools/bin/../lib/gcc/arm-none-eabi/11.3.1/../../../../arm-none-eabi/lib/thumb/v7e-m+dp/hard\libc_nano.a(libc_a-nano-svfprintf.o)
                0x00000000080056c4                _svfiprintf_r
                0x00000000080056c4                _svfprintf_r
 .text._printf_common
                0x00000000080058c0       0xda C:/ST/STM32CubeIDE_1.13.0/STM32CubeIDE/plugins/com.st.stm32cube.ide.mcu.externaltools.gnu-tools-for-stm32.11.3.rel1.win32_1.1.1.202309131626/tools/bin/../lib/gcc/arm-none-eabi/11.3.1/../../../../arm-none-eabi/lib/thumb/v7e-m+dp/hard\libc_nano.a(libc_a-nano-vfprintf_i.o)
                0x00000000080058c0                _printf_common
 *fill*         0x000000000800599a        0x2 
 .text._printf_i
                0x000000000800599c      0x244 C:/ST/STM32CubeIDE_1.13.0/STM32CubeIDE/plugins/com.st.stm32cube.ide.mcu.externaltools.gnu-tools-for-stm32.11.3.rel1.win32_1.1.1.202309131626/tools/bin/../lib/gcc/arm-none-eabi/11.3.1/../../../../arm-none-eabi/lib/thumb/v7e-m+dp/hard\libc_nano.a(libc_a-nano-vfprintf_i.o)
                0x000000000800599c                _printf_i
 .text.memmove  0x0000000008005be0       0x34 C:/ST/STM32CubeIDE_1.13.0/STM32CubeIDE/plugins/com.st.stm32cube.ide.mcu.externaltools.gnu-tools-for-stm32.11.3.rel1.win32_1.1.1.202309131626/tools/bin/../lib/gcc/arm-none-eabi/11.3.1/../../../../arm-none-eabi/lib/thumb/v7e-m+dp/hard\libc_nano.a(libc_a-memmove.o)
                0x0000000008005be0                memmove
 .text._sbrk_r  0x0000000008005c14       0x20 C:/ST/STM32CubeIDE_1.13.0/STM32CubeIDE/plugins/com.st.stm32cube.ide.mcu.externaltools.gnu-tools-for-stm32.11.3.rel1.win32_1.1.1.202309131626/tools/bin/../lib/gcc/arm-none-eabi/11.3.1/../../../../arm-none-eabi/lib/thumb/v7e-m+dp/hard\libc_nano.a(libc_a-sbrkr.o)
                0x0000000008005c14                _sbrk_r
 .text.memcpy   0x0000000008005c34       0x1c C:/ST/STM32CubeIDE_1.13.0/STM32CubeIDE/plugins/com.st.stm32cube.ide.mcu.externaltools.gnu-tools-for-stm32.11.3.rel1.win32_1.1.1.202309131626/tools/bin/../lib/gcc/arm-none-eabi/11.3.1/../../../../arm-none-eabi/lib/thumb/v7e-m+dp/hard\libc_nano.a(libc_a-memcpy-stub.o)
                0x0000000008005c34                memcpy
 .text._realloc_r
                0x0000000008005c50       0x5e C:/ST/STM32CubeIDE_1.13.0/STM32CubeIDE/plugins/com.st.stm32cube.ide.mcu.externaltools.gnu-tools-for-stm32.11.3.rel1.win32_1.1.1.202309131626/tools/bin/../lib/gcc/arm-none-eabi/11.3.1/../../../../arm-none-eabi/lib/thumb/v7e-m+dp/hard\libc_nano.a(libc_a-reallocr.o)
                0x0000000008005c50                _realloc_r
 .text._malloc_usable_size_r
                0x0000000008005cae       0x10 C:/ST/STM32CubeIDE_1.13.0/STM32CubeIDE/plugins/com.st.stm32cube.ide.mcu.externaltools.gnu-tools-for-stm32.11.3.rel1.win32_1.1.1.202309131626/tools/bin/../lib/gcc/arm-none-eabi/11.3.1/../../../../arm-none-eabi/lib/thumb/v7e-m+dp/hard\libc_nano.a(libc_a-msizer.o)
                0x0000000008005cae                _malloc_usable_size_r
 *(.glue_7)
 .glue_7        0x0000000008005cbe        0x0 linker stubs
 *(.glue_7t)
 .glue_7t       0x0000000008005cbe        0x0 linker stubs
 *(.eh_frame)
 *fill*         0x0000000008005cbe        0x2 
 .eh_frame      0x0000000008005cc0        0x0 C:/ST/STM32CubeIDE_1.13.0/STM32CubeIDE/plugins/com.st.stm32cube.ide.mcu.externaltools.gnu-tools-for-stm32.11.3.rel1.win32_1.1.1.202309131626/tools/bin/../lib/gcc/arm-none-eabi/11.3.1/thumb/v7e-m+dp/hard/crtbegin.o
 *(.init)
 .init          0x0000000008005cc0        0x4 C:/ST/STM32CubeIDE_1.13.0/STM32CubeIDE/plugins/com.st.stm32cube.ide.mcu.externaltools.gnu-tools-for-stm32.11.3.rel1.win32_1.1.1.202309131626/tools/bin/../lib/gcc/arm-none-eabi/11.3.1/thumb/v7e-m+dp/hard/crti.o
                0x0000000008005cc0                _init
 .init          0x0000000008005cc4        0x8 C:/ST/STM32CubeIDE_1.13.0/STM32CubeIDE/plugins/com.st.stm32cube.ide.mcu.externaltools.gnu-tools-for-stm32.11.3.rel1.win32_1.1.1.202309131626/tools/bin/../lib/gcc/arm-none-eabi/11.3.1/thumb/v7e-m+dp/hard/crtn.o
 *(.fini)
 .fini          0x0000000008005ccc        0x4 C:/ST/STM32CubeIDE_1.13.0/STM32CubeIDE/plugins/com.st.stm32cube.ide.mcu.externaltools.gnu-tools-for-stm32.11.3.rel1.win32_1.1.1.202309131626/tools/bin/../lib/gcc/arm-none-eabi/11.3.1/thumb/v7e-m+dp/hard/crti.o
                0x0000000008005ccc                _fini
 .fini          0x0000000008005cd0        0x8 C:/ST/STM32CubeIDE_1.13.0/STM32CubeIDE/plugins/com.st.stm32cube.ide.mcu.externaltools.gnu-tools-for-stm32.11.3.rel1.win32_1.1.1.202309131626/tools/bin/../lib/gcc/arm-none-eabi/11.3.1/thumb/v7e-m+dp/hard/crtn.o
                0x0000000008005cd8                . = ALIGN (0x4)
                0x0000000008005cd8                _etext = .

.vfp11_veneer   0x0000000008005cd8        0x0
 .vfp11_veneer  0x0000000008005cd8        0x0 linker stubs

.v4_bx          0x0000000008005cd8        0x0
 .v4_bx         0x0000000008005cd8        0x0 linker stubs

.iplt           0x0000000008005cd8        0x0
 .iplt          0x0000000008005cd8        0x0 C:/ST/STM32CubeIDE_1.13.0/STM32CubeIDE/plugins/com.st.stm32cube.ide.mcu.externaltools.gnu-tools-for-stm32.11.3.rel1.win32_1.1.1.202309131626/tools/bin/../lib/gcc/arm-none-eabi/11.3.1/thumb/v7e-m+dp/hard/crtbegin.o

.rodata         0x0000000008005cd8       0xa8
                0x0000000008005cd8                . = ALIGN (0x4)
 *(.rodata)
 .rodata        0x0000000008005cd8       0x53 ./Core/Src/main.o
 *(.rodata*)
 *fill*         0x0000000008005d2b        0x1 
 .rodata.AHBPrescTable
                0x0000000008005d2c       0x10 ./Core/Src/system_stm32f7xx.o
                0x0000000008005d2c                AHBPrescTable
 .rodata.APBPrescTable
                0x0000000008005d3c        0x8 ./Core/Src/system_stm32f7xx.o
                0x0000000008005d3c                APBPrescTable
 .rodata.flagBitshiftOffset.0
                0x0000000008005d44        0x8 ./Drivers/STM32F7xx_HAL_Driver/Src/stm32f7xx_hal_dma.o
 .rodata._svfprintf_r.str1.1
                0x0000000008005d4c       0x11 C:/ST/STM32CubeIDE_1.13.0/STM32CubeIDE/plugins/com.st.stm32cube.ide.mcu.externaltools.gnu-tools-for-stm32.11.3.rel1.win32_1.1.1.202309131626/tools/bin/../lib/gcc/arm-none-eabi/11.3.1/../../../../arm-none-eabi/lib/thumb/v7e-m+dp/hard\libc_nano.a(libc_a-nano-svfprintf.o)
 .rodata._printf_i.str1.1
                0x0000000008005d5d       0x22 C:/ST/STM32CubeIDE_1.13.0/STM32CubeIDE/plugins/com.st.stm32cube.ide.mcu.externaltools.gnu-tools-for-stm32.11.3.rel1.win32_1.1.1.202309131626/tools/bin/../lib/gcc/arm-none-eabi/11.3.1/../../../../arm-none-eabi/lib/thumb/v7e-m+dp/hard\libc_nano.a(libc_a-nano-vfprintf_i.o)
                0x0000000008005d80                . = ALIGN (0x4)
 *fill*         0x0000000008005d7f        0x1 

.ARM.extab      0x0000000008005d80        0x0
                0x0000000008005d80                . = ALIGN (0x4)
 *(.ARM.extab* .gnu.linkonce.armextab.*)
                0x0000000008005d80                . = ALIGN (0x4)

.ARM            0x0000000008005d80        0x8
                0x0000000008005d80                . = ALIGN (0x4)
                0x0000000008005d80                __exidx_start = .
 *(.ARM.exidx*)
 .ARM.exidx     0x0000000008005d80        0x8 C:/ST/STM32CubeIDE_1.13.0/STM32CubeIDE/plugins/com.st.stm32cube.ide.mcu.externaltools.gnu-tools-for-stm32.11.3.rel1.win32_1.1.1.202309131626/tools/bin/../lib/gcc/arm-none-eabi/11.3.1/thumb/v7e-m+dp/hard\libgcc.a(_udivmoddi4.o)
                0x0000000008005d88                __exidx_end = .
                0x0000000008005d88                . = ALIGN (0x4)

.rel.dyn        0x0000000008005d88        0x0
 .rel.iplt      0x0000000008005d88        0x0 C:/ST/STM32CubeIDE_1.13.0/STM32CubeIDE/plugins/com.st.stm32cube.ide.mcu.externaltools.gnu-tools-for-stm32.11.3.rel1.win32_1.1.1.202309131626/tools/bin/../lib/gcc/arm-none-eabi/11.3.1/thumb/v7e-m+dp/hard/crtbegin.o

.preinit_array  0x0000000008005d88        0x0
                0x0000000008005d88                . = ALIGN (0x4)
                0x0000000008005d88                PROVIDE (__preinit_array_start = .)
 *(.preinit_array*)
                0x0000000008005d88                PROVIDE (__preinit_array_end = .)
                0x0000000008005d88                . = ALIGN (0x4)

.init_array     0x0000000008005d88        0x4
                0x0000000008005d88                . = ALIGN (0x4)
                0x0000000008005d88                PROVIDE (__init_array_start = .)
 *(SORT_BY_NAME(.init_array.*))
 *(.init_array*)
 .init_array    0x0000000008005d88        0x4 C:/ST/STM32CubeIDE_1.13.0/STM32CubeIDE/plugins/com.st.stm32cube.ide.mcu.externaltools.gnu-tools-for-stm32.11.3.rel1.win32_1.1.1.202309131626/tools/bin/../lib/gcc/arm-none-eabi/11.3.1/thumb/v7e-m+dp/hard/crtbegin.o
                0x0000000008005d8c                PROVIDE (__init_array_end = .)
                0x0000000008005d8c                . = ALIGN (0x4)

.fini_array     0x0000000008005d8c        0x4
                0x0000000008005d8c                . = ALIGN (0x4)
                [!provide]                        PROVIDE (__fini_array_start = .)
 *(SORT_BY_NAME(.fini_array.*))
 *(.fini_array*)
 .fini_array    0x0000000008005d8c        0x4 C:/ST/STM32CubeIDE_1.13.0/STM32CubeIDE/plugins/com.st.stm32cube.ide.mcu.externaltools.gnu-tools-for-stm32.11.3.rel1.win32_1.1.1.202309131626/tools/bin/../lib/gcc/arm-none-eabi/11.3.1/thumb/v7e-m+dp/hard/crtbegin.o
                [!provide]                        PROVIDE (__fini_array_end = .)
                0x0000000008005d90                . = ALIGN (0x4)
                0x0000000008005d90                _sidata = LOADADDR (.data)

.data           0x0000000020000000       0xc4 load address 0x0000000008005d90
                0x0000000020000000                . = ALIGN (0x4)
                0x0000000020000000                _sdata = .
 *(.data)
 *(.data*)
 .data.rxData   0x0000000020000000        0x1 ./Core/Src/main.o
                0x0000000020000000                rxData
 .data.light    0x0000000020000001        0x1 ./Core/Src/main.o
                0x0000000020000001                light
 *fill*         0x0000000020000002        0x2 
 .data.state    0x0000000020000004       0x64 ./Core/Src/main.o
                0x0000000020000004                state
 .data.SystemCoreClock
                0x0000000020000068        0x4 ./Core/Src/system_stm32f7xx.o
                0x0000000020000068                SystemCoreClock
 .data.uwTickPrio
                0x000000002000006c        0x4 ./Drivers/STM32F7xx_HAL_Driver/Src/stm32f7xx_hal.o
                0x000000002000006c                uwTickPrio
 .data.uwTickFreq
                0x0000000020000070        0x1 ./Drivers/STM32F7xx_HAL_Driver/Src/stm32f7xx_hal.o
                0x0000000020000070                uwTickFreq
 *fill*         0x0000000020000071        0x3 
 .data._impure_data
                0x0000000020000074       0x4c C:/ST/STM32CubeIDE_1.13.0/STM32CubeIDE/plugins/com.st.stm32cube.ide.mcu.externaltools.gnu-tools-for-stm32.11.3.rel1.win32_1.1.1.202309131626/tools/bin/../lib/gcc/arm-none-eabi/11.3.1/../../../../arm-none-eabi/lib/thumb/v7e-m+dp/hard\libc_nano.a(libc_a-impure.o)
                0x0000000020000074                _impure_data
 .data._impure_ptr
                0x00000000200000c0        0x4 C:/ST/STM32CubeIDE_1.13.0/STM32CubeIDE/plugins/com.st.stm32cube.ide.mcu.externaltools.gnu-tools-for-stm32.11.3.rel1.win32_1.1.1.202309131626/tools/bin/../lib/gcc/arm-none-eabi/11.3.1/../../../../arm-none-eabi/lib/thumb/v7e-m+dp/hard\libc_nano.a(libc_a-impure.o)
                0x00000000200000c0                _impure_ptr
 *(.RamFunc)
 *(.RamFunc*)
                0x00000000200000c4                . = ALIGN (0x4)
                0x00000000200000c4                _edata = .

.igot.plt       0x00000000200000c4        0x0 load address 0x0000000008005e54
 .igot.plt      0x00000000200000c4        0x0 C:/ST/STM32CubeIDE_1.13.0/STM32CubeIDE/plugins/com.st.stm32cube.ide.mcu.externaltools.gnu-tools-for-stm32.11.3.rel1.win32_1.1.1.202309131626/tools/bin/../lib/gcc/arm-none-eabi/11.3.1/thumb/v7e-m+dp/hard/crtbegin.o
                0x00000000200000c4                . = ALIGN (0x4)

.bss            0x00000000200000c4      0x458 load address 0x0000000008005e54
                0x00000000200000c4                _sbss = .
                0x00000000200000c4                __bss_start__ = _sbss
 *(.bss)
 .bss           0x00000000200000c4       0x1c C:/ST/STM32CubeIDE_1.13.0/STM32CubeIDE/plugins/com.st.stm32cube.ide.mcu.externaltools.gnu-tools-for-stm32.11.3.rel1.win32_1.1.1.202309131626/tools/bin/../lib/gcc/arm-none-eabi/11.3.1/thumb/v7e-m+dp/hard/crtbegin.o
 *(.bss*)
 .bss.hadc1     0x00000000200000e0       0x48 ./Core/Src/main.o
                0x00000000200000e0                hadc1
 .bss.hdma_adc1
                0x0000000020000128       0x60 ./Core/Src/main.o
                0x0000000020000128                hdma_adc1
 .bss.huart1    0x0000000020000188       0x88 ./Core/Src/main.o
                0x0000000020000188                huart1
 .bss.huart3    0x0000000020000210       0x88 ./Core/Src/main.o
                0x0000000020000210                huart3
 .bss.VR        0x0000000020000298        0x8 ./Core/Src/main.o
                0x0000000020000298                VR
 .bss.str_vr1   0x00000000200002a0       0x64 ./Core/Src/main.o
                0x00000000200002a0                str_vr1
 .bss.str_vr2   0x0000000020000304       0x64 ./Core/Src/main.o
                0x0000000020000304                str_vr2
 .bss.str_vr3   0x0000000020000368       0x64 ./Core/Src/main.o
                0x0000000020000368                str_vr3
 .bss.__sbrk_heap_end
                0x00000000200003cc        0x4 ./Core/Src/sysmem.o
 .bss.uwTick    0x00000000200003d0        0x4 ./Drivers/STM32F7xx_HAL_Driver/Src/stm32f7xx_hal.o
                0x00000000200003d0                uwTick
 .bss.__sf      0x00000000200003d4      0x138 C:/ST/STM32CubeIDE_1.13.0/STM32CubeIDE/plugins/com.st.stm32cube.ide.mcu.externaltools.gnu-tools-for-stm32.11.3.rel1.win32_1.1.1.202309131626/tools/bin/../lib/gcc/arm-none-eabi/11.3.1/../../../../arm-none-eabi/lib/thumb/v7e-m+dp/hard\libc_nano.a(libc_a-findfp.o)
                0x00000000200003d4                __sf
 .bss.errno     0x000000002000050c        0x4 C:/ST/STM32CubeIDE_1.13.0/STM32CubeIDE/plugins/com.st.stm32cube.ide.mcu.externaltools.gnu-tools-for-stm32.11.3.rel1.win32_1.1.1.202309131626/tools/bin/../lib/gcc/arm-none-eabi/11.3.1/../../../../arm-none-eabi/lib/thumb/v7e-m+dp/hard\libc_nano.a(libc_a-reent.o)
                0x000000002000050c                errno
 .bss.__lock___malloc_recursive_mutex
                0x0000000020000510        0x1 C:/ST/STM32CubeIDE_1.13.0/STM32CubeIDE/plugins/com.st.stm32cube.ide.mcu.externaltools.gnu-tools-for-stm32.11.3.rel1.win32_1.1.1.202309131626/tools/bin/../lib/gcc/arm-none-eabi/11.3.1/../../../../arm-none-eabi/lib/thumb/v7e-m+dp/hard\libc_nano.a(libc_a-lock.o)
                0x0000000020000510                __lock___malloc_recursive_mutex
 *fill*         0x0000000020000511        0x3 
 .bss.__malloc_free_list
                0x0000000020000514        0x4 C:/ST/STM32CubeIDE_1.13.0/STM32CubeIDE/plugins/com.st.stm32cube.ide.mcu.externaltools.gnu-tools-for-stm32.11.3.rel1.win32_1.1.1.202309131626/tools/bin/../lib/gcc/arm-none-eabi/11.3.1/../../../../arm-none-eabi/lib/thumb/v7e-m+dp/hard\libc_nano.a(libc_a-mallocr.o)
                0x0000000020000514                __malloc_free_list
 .bss.__malloc_sbrk_start
                0x0000000020000518        0x4 C:/ST/STM32CubeIDE_1.13.0/STM32CubeIDE/plugins/com.st.stm32cube.ide.mcu.externaltools.gnu-tools-for-stm32.11.3.rel1.win32_1.1.1.202309131626/tools/bin/../lib/gcc/arm-none-eabi/11.3.1/../../../../arm-none-eabi/lib/thumb/v7e-m+dp/hard\libc_nano.a(libc_a-mallocr.o)
                0x0000000020000518                __malloc_sbrk_start
 *(COMMON)
                0x000000002000051c                . = ALIGN (0x4)
                0x000000002000051c                _ebss = .
                0x000000002000051c                __bss_end__ = _ebss

._user_heap_stack
                0x000000002000051c      0x604 load address 0x0000000008005e54
                0x0000000020000520                . = ALIGN (0x8)
 *fill*         0x000000002000051c        0x4 
                [!provide]                        PROVIDE (end = .)
                0x0000000020000520                PROVIDE (_end = .)
                0x0000000020000720                . = (. + _Min_Heap_Size)
 *fill*         0x0000000020000520      0x200 
                0x0000000020000b20                . = (. + _Min_Stack_Size)
 *fill*         0x0000000020000720      0x400 
                0x0000000020000b20                . = ALIGN (0x8)

/DISCARD/
 libc.a(*)
 libm.a(*)
 libgcc.a(*)

.ARM.attributes
                0x0000000000000000       0x2e
 *(.ARM.attributes)
 .ARM.attributes
                0x0000000000000000       0x1e C:/ST/STM32CubeIDE_1.13.0/STM32CubeIDE/plugins/com.st.stm32cube.ide.mcu.externaltools.gnu-tools-for-stm32.11.3.rel1.win32_1.1.1.202309131626/tools/bin/../lib/gcc/arm-none-eabi/11.3.1/thumb/v7e-m+dp/hard/crti.o
 .ARM.attributes
                0x000000000000001e       0x32 C:/ST/STM32CubeIDE_1.13.0/STM32CubeIDE/plugins/com.st.stm32cube.ide.mcu.externaltools.gnu-tools-for-stm32.11.3.rel1.win32_1.1.1.202309131626/tools/bin/../lib/gcc/arm-none-eabi/11.3.1/thumb/v7e-m+dp/hard/crtbegin.o
 .ARM.attributes
                0x0000000000000050       0x32 ./Core/Src/main.o
 .ARM.attributes
                0x0000000000000082       0x32 ./Core/Src/stm32f7xx_hal_msp.o
 .ARM.attributes
                0x00000000000000b4       0x32 ./Core/Src/stm32f7xx_it.o
 .ARM.attributes
                0x00000000000000e6       0x32 ./Core/Src/sysmem.o
 .ARM.attributes
                0x0000000000000118       0x32 ./Core/Src/system_stm32f7xx.o
 .ARM.attributes
                0x000000000000014a       0x21 ./Core/Startup/startup_stm32f767zitx.o
 .ARM.attributes
                0x000000000000016b       0x32 ./Drivers/STM32F7xx_HAL_Driver/Src/stm32f7xx_hal.o
 .ARM.attributes
                0x000000000000019d       0x32 ./Drivers/STM32F7xx_HAL_Driver/Src/stm32f7xx_hal_adc.o
 .ARM.attributes
                0x00000000000001cf       0x32 ./Drivers/STM32F7xx_HAL_Driver/Src/stm32f7xx_hal_adc_ex.o
 .ARM.attributes
                0x0000000000000201       0x32 ./Drivers/STM32F7xx_HAL_Driver/Src/stm32f7xx_hal_cortex.o
 .ARM.attributes
                0x0000000000000233       0x32 ./Drivers/STM32F7xx_HAL_Driver/Src/stm32f7xx_hal_dma.o
 .ARM.attributes
                0x0000000000000265       0x32 ./Drivers/STM32F7xx_HAL_Driver/Src/stm32f7xx_hal_gpio.o
 .ARM.attributes
                0x0000000000000297       0x32 ./Drivers/STM32F7xx_HAL_Driver/Src/stm32f7xx_hal_pwr_ex.o
 .ARM.attributes
                0x00000000000002c9       0x32 ./Drivers/STM32F7xx_HAL_Driver/Src/stm32f7xx_hal_rcc.o
 .ARM.attributes
                0x00000000000002fb       0x32 ./Drivers/STM32F7xx_HAL_Driver/Src/stm32f7xx_hal_rcc_ex.o
 .ARM.attributes
                0x000000000000032d       0x32 ./Drivers/STM32F7xx_HAL_Driver/Src/stm32f7xx_hal_uart.o
 .ARM.attributes
                0x000000000000035f       0x32 C:/ST/STM32CubeIDE_1.13.0/STM32CubeIDE/plugins/com.st.stm32cube.ide.mcu.externaltools.gnu-tools-for-stm32.11.3.rel1.win32_1.1.1.202309131626/tools/bin/../lib/gcc/arm-none-eabi/11.3.1/../../../../arm-none-eabi/lib/thumb/v7e-m+dp/hard\libc_nano.a(libc_a-findfp.o)
 .ARM.attributes
                0x0000000000000391       0x32 C:/ST/STM32CubeIDE_1.13.0/STM32CubeIDE/plugins/com.st.stm32cube.ide.mcu.externaltools.gnu-tools-for-stm32.11.3.rel1.win32_1.1.1.202309131626/tools/bin/../lib/gcc/arm-none-eabi/11.3.1/../../../../arm-none-eabi/lib/thumb/v7e-m+dp/hard\libc_nano.a(libc_a-sprintf.o)
 .ARM.attributes
                0x00000000000003c3       0x32 C:/ST/STM32CubeIDE_1.13.0/STM32CubeIDE/plugins/com.st.stm32cube.ide.mcu.externaltools.gnu-tools-for-stm32.11.3.rel1.win32_1.1.1.202309131626/tools/bin/../lib/gcc/arm-none-eabi/11.3.1/../../../../arm-none-eabi/lib/thumb/v7e-m+dp/hard\libc_nano.a(libc_a-memset.o)
 .ARM.attributes
                0x00000000000003f5       0x32 C:/ST/STM32CubeIDE_1.13.0/STM32CubeIDE/plugins/com.st.stm32cube.ide.mcu.externaltools.gnu-tools-for-stm32.11.3.rel1.win32_1.1.1.202309131626/tools/bin/../lib/gcc/arm-none-eabi/11.3.1/../../../../arm-none-eabi/lib/thumb/v7e-m+dp/hard\libc_nano.a(libc_a-reent.o)
 .ARM.attributes
                0x0000000000000427       0x32 C:/ST/STM32CubeIDE_1.13.0/STM32CubeIDE/plugins/com.st.stm32cube.ide.mcu.externaltools.gnu-tools-for-stm32.11.3.rel1.win32_1.1.1.202309131626/tools/bin/../lib/gcc/arm-none-eabi/11.3.1/../../../../arm-none-eabi/lib/thumb/v7e-m+dp/hard\libc_nano.a(libc_a-impure.o)
 .ARM.attributes
                0x0000000000000459       0x32 C:/ST/STM32CubeIDE_1.13.0/STM32CubeIDE/plugins/com.st.stm32cube.ide.mcu.externaltools.gnu-tools-for-stm32.11.3.rel1.win32_1.1.1.202309131626/tools/bin/../lib/gcc/arm-none-eabi/11.3.1/../../../../arm-none-eabi/lib/thumb/v7e-m+dp/hard\libc_nano.a(libc_a-errno.o)
 .ARM.attributes
                0x000000000000048b       0x32 C:/ST/STM32CubeIDE_1.13.0/STM32CubeIDE/plugins/com.st.stm32cube.ide.mcu.externaltools.gnu-tools-for-stm32.11.3.rel1.win32_1.1.1.202309131626/tools/bin/../lib/gcc/arm-none-eabi/11.3.1/../../../../arm-none-eabi/lib/thumb/v7e-m+dp/hard\libc_nano.a(libc_a-init.o)
 .ARM.attributes
                0x00000000000004bd       0x32 C:/ST/STM32CubeIDE_1.13.0/STM32CubeIDE/plugins/com.st.stm32cube.ide.mcu.externaltools.gnu-tools-for-stm32.11.3.rel1.win32_1.1.1.202309131626/tools/bin/../lib/gcc/arm-none-eabi/11.3.1/../../../../arm-none-eabi/lib/thumb/v7e-m+dp/hard\libc_nano.a(libc_a-lock.o)
 .ARM.attributes
                0x00000000000004ef       0x17 C:/ST/STM32CubeIDE_1.13.0/STM32CubeIDE/plugins/com.st.stm32cube.ide.mcu.externaltools.gnu-tools-for-stm32.11.3.rel1.win32_1.1.1.202309131626/tools/bin/../lib/gcc/arm-none-eabi/11.3.1/../../../../arm-none-eabi/lib/thumb/v7e-m+dp/hard\libc_nano.a(libc_a-strlen.o)
 .ARM.attributes
                0x0000000000000506       0x32 C:/ST/STM32CubeIDE_1.13.0/STM32CubeIDE/plugins/com.st.stm32cube.ide.mcu.externaltools.gnu-tools-for-stm32.11.3.rel1.win32_1.1.1.202309131626/tools/bin/../lib/gcc/arm-none-eabi/11.3.1/../../../../arm-none-eabi/lib/thumb/v7e-m+dp/hard\libc_nano.a(libc_a-freer.o)
 .ARM.attributes
                0x0000000000000538       0x32 C:/ST/STM32CubeIDE_1.13.0/STM32CubeIDE/plugins/com.st.stm32cube.ide.mcu.externaltools.gnu-tools-for-stm32.11.3.rel1.win32_1.1.1.202309131626/tools/bin/../lib/gcc/arm-none-eabi/11.3.1/../../../../arm-none-eabi/lib/thumb/v7e-m+dp/hard\libc_nano.a(libc_a-mallocr.o)
 .ARM.attributes
                0x000000000000056a       0x32 C:/ST/STM32CubeIDE_1.13.0/STM32CubeIDE/plugins/com.st.stm32cube.ide.mcu.externaltools.gnu-tools-for-stm32.11.3.rel1.win32_1.1.1.202309131626/tools/bin/../lib/gcc/arm-none-eabi/11.3.1/../../../../arm-none-eabi/lib/thumb/v7e-m+dp/hard\libc_nano.a(libc_a-mlock.o)
 .ARM.attributes
                0x000000000000059c       0x32 C:/ST/STM32CubeIDE_1.13.0/STM32CubeIDE/plugins/com.st.stm32cube.ide.mcu.externaltools.gnu-tools-for-stm32.11.3.rel1.win32_1.1.1.202309131626/tools/bin/../lib/gcc/arm-none-eabi/11.3.1/../../../../arm-none-eabi/lib/thumb/v7e-m+dp/hard\libc_nano.a(libc_a-nano-svfprintf.o)
 .ARM.attributes
                0x00000000000005ce       0x32 C:/ST/STM32CubeIDE_1.13.0/STM32CubeIDE/plugins/com.st.stm32cube.ide.mcu.externaltools.gnu-tools-for-stm32.11.3.rel1.win32_1.1.1.202309131626/tools/bin/../lib/gcc/arm-none-eabi/11.3.1/../../../../arm-none-eabi/lib/thumb/v7e-m+dp/hard\libc_nano.a(libc_a-nano-vfprintf_i.o)
 .ARM.attributes
                0x0000000000000600       0x32 C:/ST/STM32CubeIDE_1.13.0/STM32CubeIDE/plugins/com.st.stm32cube.ide.mcu.externaltools.gnu-tools-for-stm32.11.3.rel1.win32_1.1.1.202309131626/tools/bin/../lib/gcc/arm-none-eabi/11.3.1/../../../../arm-none-eabi/lib/thumb/v7e-m+dp/hard\libc_nano.a(libc_a-memmove.o)
 .ARM.attributes
                0x0000000000000632       0x32 C:/ST/STM32CubeIDE_1.13.0/STM32CubeIDE/plugins/com.st.stm32cube.ide.mcu.externaltools.gnu-tools-for-stm32.11.3.rel1.win32_1.1.1.202309131626/tools/bin/../lib/gcc/arm-none-eabi/11.3.1/../../../../arm-none-eabi/lib/thumb/v7e-m+dp/hard\libc_nano.a(libc_a-sbrkr.o)
 .ARM.attributes
                0x0000000000000664       0x1c C:/ST/STM32CubeIDE_1.13.0/STM32CubeIDE/plugins/com.st.stm32cube.ide.mcu.externaltools.gnu-tools-for-stm32.11.3.rel1.win32_1.1.1.202309131626/tools/bin/../lib/gcc/arm-none-eabi/11.3.1/../../../../arm-none-eabi/lib/thumb/v7e-m+dp/hard\libc_nano.a(libc_a-memchr.o)
 .ARM.attributes
                0x0000000000000680       0x32 C:/ST/STM32CubeIDE_1.13.0/STM32CubeIDE/plugins/com.st.stm32cube.ide.mcu.externaltools.gnu-tools-for-stm32.11.3.rel1.win32_1.1.1.202309131626/tools/bin/../lib/gcc/arm-none-eabi/11.3.1/../../../../arm-none-eabi/lib/thumb/v7e-m+dp/hard\libc_nano.a(libc_a-memcpy-stub.o)
 .ARM.attributes
                0x00000000000006b2       0x32 C:/ST/STM32CubeIDE_1.13.0/STM32CubeIDE/plugins/com.st.stm32cube.ide.mcu.externaltools.gnu-tools-for-stm32.11.3.rel1.win32_1.1.1.202309131626/tools/bin/../lib/gcc/arm-none-eabi/11.3.1/../../../../arm-none-eabi/lib/thumb/v7e-m+dp/hard\libc_nano.a(libc_a-reallocr.o)
 .ARM.attributes
                0x00000000000006e4       0x32 C:/ST/STM32CubeIDE_1.13.0/STM32CubeIDE/plugins/com.st.stm32cube.ide.mcu.externaltools.gnu-tools-for-stm32.11.3.rel1.win32_1.1.1.202309131626/tools/bin/../lib/gcc/arm-none-eabi/11.3.1/../../../../arm-none-eabi/lib/thumb/v7e-m+dp/hard\libc_nano.a(libc_a-msizer.o)
 .ARM.attributes
                0x0000000000000716       0x1e C:/ST/STM32CubeIDE_1.13.0/STM32CubeIDE/plugins/com.st.stm32cube.ide.mcu.externaltools.gnu-tools-for-stm32.11.3.rel1.win32_1.1.1.202309131626/tools/bin/../lib/gcc/arm-none-eabi/11.3.1/thumb/v7e-m+dp/hard\libgcc.a(_aeabi_uldivmod.o)
 .ARM.attributes
                0x0000000000000734       0x32 C:/ST/STM32CubeIDE_1.13.0/STM32CubeIDE/plugins/com.st.stm32cube.ide.mcu.externaltools.gnu-tools-for-stm32.11.3.rel1.win32_1.1.1.202309131626/tools/bin/../lib/gcc/arm-none-eabi/11.3.1/thumb/v7e-m+dp/hard\libgcc.a(_udivmoddi4.o)
 .ARM.attributes
                0x0000000000000766       0x1e C:/ST/STM32CubeIDE_1.13.0/STM32CubeIDE/plugins/com.st.stm32cube.ide.mcu.externaltools.gnu-tools-for-stm32.11.3.rel1.win32_1.1.1.202309131626/tools/bin/../lib/gcc/arm-none-eabi/11.3.1/thumb/v7e-m+dp/hard\libgcc.a(_dvmd_tls.o)
 .ARM.attributes
                0x0000000000000784       0x1e C:/ST/STM32CubeIDE_1.13.0/STM32CubeIDE/plugins/com.st.stm32cube.ide.mcu.externaltools.gnu-tools-for-stm32.11.3.rel1.win32_1.1.1.202309131626/tools/bin/../lib/gcc/arm-none-eabi/11.3.1/thumb/v7e-m+dp/hard/crtn.o
OUTPUT(JOY.elf elf32-littlearm)
LOAD linker stubs
LOAD C:/ST/STM32CubeIDE_1.13.0/STM32CubeIDE/plugins/com.st.stm32cube.ide.mcu.externaltools.gnu-tools-for-stm32.11.3.rel1.win32_1.1.1.202309131626/tools/bin/../lib/gcc/arm-none-eabi/11.3.1/../../../../arm-none-eabi/lib/thumb/v7e-m+dp/hard\libc.a
LOAD C:/ST/STM32CubeIDE_1.13.0/STM32CubeIDE/plugins/com.st.stm32cube.ide.mcu.externaltools.gnu-tools-for-stm32.11.3.rel1.win32_1.1.1.202309131626/tools/bin/../lib/gcc/arm-none-eabi/11.3.1/../../../../arm-none-eabi/lib/thumb/v7e-m+dp/hard\libm.a
LOAD C:/ST/STM32CubeIDE_1.13.0/STM32CubeIDE/plugins/com.st.stm32cube.ide.mcu.externaltools.gnu-tools-for-stm32.11.3.rel1.win32_1.1.1.202309131626/tools/bin/../lib/gcc/arm-none-eabi/11.3.1/thumb/v7e-m+dp/hard\libgcc.a

.comment        0x0000000000000000       0x86
 .comment       0x0000000000000000       0x43 C:/ST/STM32CubeIDE_1.13.0/STM32CubeIDE/plugins/com.st.stm32cube.ide.mcu.externaltools.gnu-tools-for-stm32.11.3.rel1.win32_1.1.1.202309131626/tools/bin/../lib/gcc/arm-none-eabi/11.3.1/thumb/v7e-m+dp/hard/crtbegin.o
                                         0x44 (size before relaxing)
 .comment       0x0000000000000043       0x44 ./Core/Src/main.o
 .comment       0x0000000000000043       0x44 ./Core/Src/stm32f7xx_hal_msp.o
 .comment       0x0000000000000043       0x44 ./Core/Src/stm32f7xx_it.o
 .comment       0x0000000000000043       0x43 ./Core/Src/sysmem.o
                                         0x44 (size before relaxing)
 .comment       0x0000000000000086       0x44 ./Core/Src/system_stm32f7xx.o
 .comment       0x0000000000000086       0x44 ./Drivers/STM32F7xx_HAL_Driver/Src/stm32f7xx_hal.o
 .comment       0x0000000000000086       0x44 ./Drivers/STM32F7xx_HAL_Driver/Src/stm32f7xx_hal_adc.o
 .comment       0x0000000000000086       0x44 ./Drivers/STM32F7xx_HAL_Driver/Src/stm32f7xx_hal_adc_ex.o
 .comment       0x0000000000000086       0x44 ./Drivers/STM32F7xx_HAL_Driver/Src/stm32f7xx_hal_cortex.o
 .comment       0x0000000000000086       0x44 ./Drivers/STM32F7xx_HAL_Driver/Src/stm32f7xx_hal_dma.o
 .comment       0x0000000000000086       0x44 ./Drivers/STM32F7xx_HAL_Driver/Src/stm32f7xx_hal_gpio.o
 .comment       0x0000000000000086       0x44 ./Drivers/STM32F7xx_HAL_Driver/Src/stm32f7xx_hal_pwr_ex.o
 .comment       0x0000000000000086       0x44 ./Drivers/STM32F7xx_HAL_Driver/Src/stm32f7xx_hal_rcc.o
 .comment       0x0000000000000086       0x44 ./Drivers/STM32F7xx_HAL_Driver/Src/stm32f7xx_hal_rcc_ex.o
 .comment       0x0000000000000086       0x44 ./Drivers/STM32F7xx_HAL_Driver/Src/stm32f7xx_hal_uart.o

.debug_info     0x0000000000000000     0xcfbf
 .debug_info    0x0000000000000000     0x1593 ./Core/Src/main.o
 .debug_info    0x0000000000001593     0x130e ./Core/Src/stm32f7xx_hal_msp.o
 .debug_info    0x00000000000028a1      0xa33 ./Core/Src/stm32f7xx_it.o
 .debug_info    0x00000000000032d4      0x168 ./Core/Src/sysmem.o
 .debug_info    0x000000000000343c      0x6ed ./Core/Src/system_stm32f7xx.o
 .debug_info    0x0000000000003b29       0x23 ./Core/Startup/startup_stm32f767zitx.o
 .debug_info    0x0000000000003b4c      0xa4c ./Drivers/STM32F7xx_HAL_Driver/Src/stm32f7xx_hal.o
 .debug_info    0x0000000000004598      0xc83 ./Drivers/STM32F7xx_HAL_Driver/Src/stm32f7xx_hal_adc.o
 .debug_info    0x000000000000521b      0xaed ./Drivers/STM32F7xx_HAL_Driver/Src/stm32f7xx_hal_adc_ex.o
 .debug_info    0x0000000000005d08      0xf8b ./Drivers/STM32F7xx_HAL_Driver/Src/stm32f7xx_hal_cortex.o
 .debug_info    0x0000000000006c93      0x8e7 ./Drivers/STM32F7xx_HAL_Driver/Src/stm32f7xx_hal_dma.o
 .debug_info    0x000000000000757a      0x6f3 ./Drivers/STM32F7xx_HAL_Driver/Src/stm32f7xx_hal_gpio.o
 .debug_info    0x0000000000007c6d      0x8cd ./Drivers/STM32F7xx_HAL_Driver/Src/stm32f7xx_hal_pwr_ex.o
 .debug_info    0x000000000000853a      0x937 ./Drivers/STM32F7xx_HAL_Driver/Src/stm32f7xx_hal_rcc.o
 .debug_info    0x0000000000008e71      0x6e1 ./Drivers/STM32F7xx_HAL_Driver/Src/stm32f7xx_hal_rcc_ex.o
 .debug_info    0x0000000000009552     0x3a6d ./Drivers/STM32F7xx_HAL_Driver/Src/stm32f7xx_hal_uart.o

.debug_abbrev   0x0000000000000000     0x208b
 .debug_abbrev  0x0000000000000000      0x2fd ./Core/Src/main.o
 .debug_abbrev  0x00000000000002fd      0x235 ./Core/Src/stm32f7xx_hal_msp.o
 .debug_abbrev  0x0000000000000532      0x1b8 ./Core/Src/stm32f7xx_it.o
 .debug_abbrev  0x00000000000006ea       0xbc ./Core/Src/sysmem.o
 .debug_abbrev  0x00000000000007a6      0x13b ./Core/Src/system_stm32f7xx.o
 .debug_abbrev  0x00000000000008e1       0x12 ./Core/Startup/startup_stm32f767zitx.o
 .debug_abbrev  0x00000000000008f3      0x213 ./Drivers/STM32F7xx_HAL_Driver/Src/stm32f7xx_hal.o
 .debug_abbrev  0x0000000000000b06      0x252 ./Drivers/STM32F7xx_HAL_Driver/Src/stm32f7xx_hal_adc.o
 .debug_abbrev  0x0000000000000d58      0x270 ./Drivers/STM32F7xx_HAL_Driver/Src/stm32f7xx_hal_adc_ex.o
 .debug_abbrev  0x0000000000000fc8      0x329 ./Drivers/STM32F7xx_HAL_Driver/Src/stm32f7xx_hal_cortex.o
 .debug_abbrev  0x00000000000012f1      0x264 ./Drivers/STM32F7xx_HAL_Driver/Src/stm32f7xx_hal_dma.o
 .debug_abbrev  0x0000000000001555      0x1d4 ./Drivers/STM32F7xx_HAL_Driver/Src/stm32f7xx_hal_gpio.o
 .debug_abbrev  0x0000000000001729      0x1d5 ./Drivers/STM32F7xx_HAL_Driver/Src/stm32f7xx_hal_pwr_ex.o
 .debug_abbrev  0x00000000000018fe      0x2de ./Drivers/STM32F7xx_HAL_Driver/Src/stm32f7xx_hal_rcc.o
 .debug_abbrev  0x0000000000001bdc      0x1c9 ./Drivers/STM32F7xx_HAL_Driver/Src/stm32f7xx_hal_rcc_ex.o
 .debug_abbrev  0x0000000000001da5      0x2e6 ./Drivers/STM32F7xx_HAL_Driver/Src/stm32f7xx_hal_uart.o

.debug_aranges  0x0000000000000000      0x9c0
 .debug_aranges
                0x0000000000000000       0x68 ./Core/Src/main.o
 .debug_aranges
                0x0000000000000068       0x40 ./Core/Src/stm32f7xx_hal_msp.o
 .debug_aranges
                0x00000000000000a8       0x98 ./Core/Src/stm32f7xx_it.o
 .debug_aranges
                0x0000000000000140       0x20 ./Core/Src/sysmem.o
 .debug_aranges
                0x0000000000000160       0x28 ./Core/Src/system_stm32f7xx.o
 .debug_aranges
                0x0000000000000188       0x28 ./Core/Startup/startup_stm32f767zitx.o
 .debug_aranges
                0x00000000000001b0      0x110 ./Drivers/STM32F7xx_HAL_Driver/Src/stm32f7xx_hal.o
 .debug_aranges
                0x00000000000002c0       0xe8 ./Drivers/STM32F7xx_HAL_Driver/Src/stm32f7xx_hal_adc.o
 .debug_aranges
                0x00000000000003a8       0x90 ./Drivers/STM32F7xx_HAL_Driver/Src/stm32f7xx_hal_adc_ex.o
 .debug_aranges
                0x0000000000000438      0x118 ./Drivers/STM32F7xx_HAL_Driver/Src/stm32f7xx_hal_cortex.o
 .debug_aranges
                0x0000000000000550       0x90 ./Drivers/STM32F7xx_HAL_Driver/Src/stm32f7xx_hal_dma.o
 .debug_aranges
                0x00000000000005e0       0x58 ./Drivers/STM32F7xx_HAL_Driver/Src/stm32f7xx_hal_gpio.o
 .debug_aranges
                0x0000000000000638       0x80 ./Drivers/STM32F7xx_HAL_Driver/Src/stm32f7xx_hal_pwr_ex.o
 .debug_aranges
                0x00000000000006b8       0x88 ./Drivers/STM32F7xx_HAL_Driver/Src/stm32f7xx_hal_rcc.o
 .debug_aranges
                0x0000000000000740       0x50 ./Drivers/STM32F7xx_HAL_Driver/Src/stm32f7xx_hal_rcc_ex.o
 .debug_aranges
                0x0000000000000790      0x230 ./Drivers/STM32F7xx_HAL_Driver/Src/stm32f7xx_hal_uart.o

.debug_rnglists
                0x0000000000000000      0x779
 .debug_rnglists
                0x0000000000000000       0x4d ./Core/Src/main.o
 .debug_rnglists
                0x000000000000004d       0x2d ./Core/Src/stm32f7xx_hal_msp.o
 .debug_rnglists
                0x000000000000007a       0x6d ./Core/Src/stm32f7xx_it.o
 .debug_rnglists
                0x00000000000000e7       0x13 ./Core/Src/sysmem.o
 .debug_rnglists
                0x00000000000000fa       0x1a ./Core/Src/system_stm32f7xx.o
 .debug_rnglists
                0x0000000000000114       0x19 ./Core/Startup/startup_stm32f767zitx.o
 .debug_rnglists
                0x000000000000012d       0xc7 ./Drivers/STM32F7xx_HAL_Driver/Src/stm32f7xx_hal.o
 .debug_rnglists
                0x00000000000001f4       0xb5 ./Drivers/STM32F7xx_HAL_Driver/Src/stm32f7xx_hal_adc.o
 .debug_rnglists
                0x00000000000002a9       0x71 ./Drivers/STM32F7xx_HAL_Driver/Src/stm32f7xx_hal_adc_ex.o
 .debug_rnglists
                0x000000000000031a       0xce ./Drivers/STM32F7xx_HAL_Driver/Src/stm32f7xx_hal_cortex.o
 .debug_rnglists
                0x00000000000003e8       0x70 ./Drivers/STM32F7xx_HAL_Driver/Src/stm32f7xx_hal_dma.o
 .debug_rnglists
                0x0000000000000458       0x3f ./Drivers/STM32F7xx_HAL_Driver/Src/stm32f7xx_hal_gpio.o
 .debug_rnglists
                0x0000000000000497       0x5f ./Drivers/STM32F7xx_HAL_Driver/Src/stm32f7xx_hal_pwr_ex.o
 .debug_rnglists
                0x00000000000004f6       0x67 ./Drivers/STM32F7xx_HAL_Driver/Src/stm32f7xx_hal_rcc.o
 .debug_rnglists
                0x000000000000055d       0x3c ./Drivers/STM32F7xx_HAL_Driver/Src/stm32f7xx_hal_rcc_ex.o
 .debug_rnglists
                0x0000000000000599      0x1e0 ./Drivers/STM32F7xx_HAL_Driver/Src/stm32f7xx_hal_uart.o

.debug_macro    0x0000000000000000    0x2795c
 .debug_macro   0x0000000000000000      0x305 ./Core/Src/main.o
 .debug_macro   0x0000000000000305      0xac0 ./Core/Src/main.o
 .debug_macro   0x0000000000000dc5      0x293 ./Core/Src/main.o
 .debug_macro   0x0000000000001058       0x2e ./Core/Src/main.o
 .debug_macro   0x0000000000001086       0x3b ./Core/Src/main.o
 .debug_macro   0x00000000000010c1       0x22 ./Core/Src/main.o
 .debug_macro   0x00000000000010e3       0x8e ./Core/Src/main.o
 .debug_macro   0x0000000000001171       0x51 ./Core/Src/main.o
 .debug_macro   0x00000000000011c2      0x103 ./Core/Src/main.o
 .debug_macro   0x00000000000012c5       0x6a ./Core/Src/main.o
 .debug_macro   0x000000000000132f      0x1df ./Core/Src/main.o
 .debug_macro   0x000000000000150e       0x1c ./Core/Src/main.o
 .debug_macro   0x000000000000152a       0x22 ./Core/Src/main.o
 .debug_macro   0x000000000000154c       0xd9 ./Core/Src/main.o
 .debug_macro   0x0000000000001625     0x12cd ./Core/Src/main.o
 .debug_macro   0x00000000000028f2      0x11f ./Core/Src/main.o
 .debug_macro   0x0000000000002a11       0x19 ./Core/Src/main.o
 .debug_macro   0x0000000000002a2a    0x1aa0d ./Core/Src/main.o
 .debug_macro   0x000000000001d437       0x6d ./Core/Src/main.o
 .debug_macro   0x000000000001d4a4     0x3749 ./Core/Src/main.o
 .debug_macro   0x0000000000020bed      0x174 ./Core/Src/main.o
 .debug_macro   0x0000000000020d61       0x63 ./Core/Src/main.o
 .debug_macro   0x0000000000020dc4     0x1add ./Core/Src/main.o
 .debug_macro   0x00000000000228a1      0x6c4 ./Core/Src/main.o
 .debug_macro   0x0000000000022f65      0x18b ./Core/Src/main.o
 .debug_macro   0x00000000000230f0      0x115 ./Core/Src/main.o
 .debug_macro   0x0000000000023205      0x26e ./Core/Src/main.o
 .debug_macro   0x0000000000023473       0xa5 ./Core/Src/main.o
 .debug_macro   0x0000000000023518      0x24f ./Core/Src/main.o
 .debug_macro   0x0000000000023767       0x71 ./Core/Src/main.o
 .debug_macro   0x00000000000237d8       0x58 ./Core/Src/main.o
 .debug_macro   0x0000000000023830      0x236 ./Core/Src/main.o
 .debug_macro   0x0000000000023a66      0x416 ./Core/Src/main.o
 .debug_macro   0x0000000000023e7c      0x153 ./Core/Src/main.o
 .debug_macro   0x0000000000023fcf      0x107 ./Core/Src/main.o
 .debug_macro   0x00000000000240d6      0x14e ./Core/Src/main.o
 .debug_macro   0x0000000000024224      0x3db ./Core/Src/main.o
 .debug_macro   0x00000000000245ff       0x12 ./Core/Src/main.o
 .debug_macro   0x0000000000024611      0x22c ./Core/Src/main.o
 .debug_macro   0x000000000002483d       0x61 ./Core/Src/main.o
 .debug_macro   0x000000000002489e       0xa5 ./Core/Src/main.o
 .debug_macro   0x0000000000024943      0x12e ./Core/Src/main.o
 .debug_macro   0x0000000000024a71      0x108 ./Core/Src/main.o
 .debug_macro   0x0000000000024b79       0x35 ./Core/Src/main.o
 .debug_macro   0x0000000000024bae      0x5ba ./Core/Src/main.o
 .debug_macro   0x0000000000025168       0x44 ./Core/Src/main.o
 .debug_macro   0x00000000000251ac      0x15b ./Core/Src/main.o
 .debug_macro   0x0000000000025307       0x1c ./Core/Src/main.o
 .debug_macro   0x0000000000025323       0x61 ./Core/Src/main.o
 .debug_macro   0x0000000000025384       0x29 ./Core/Src/main.o
 .debug_macro   0x00000000000253ad       0x43 ./Core/Src/main.o
 .debug_macro   0x00000000000253f0       0x34 ./Core/Src/main.o
 .debug_macro   0x0000000000025424       0x16 ./Core/Src/main.o
 .debug_macro   0x000000000002543a       0x35 ./Core/Src/main.o
 .debug_macro   0x000000000002546f      0x369 ./Core/Src/main.o
 .debug_macro   0x00000000000257d8       0x10 ./Core/Src/main.o
 .debug_macro   0x00000000000257e8       0x16 ./Core/Src/main.o
 .debug_macro   0x00000000000257fe       0x43 ./Core/Src/main.o
 .debug_macro   0x0000000000025841       0x34 ./Core/Src/main.o
 .debug_macro   0x0000000000025875       0x10 ./Core/Src/main.o
 .debug_macro   0x0000000000025885       0x58 ./Core/Src/main.o
 .debug_macro   0x00000000000258dd       0x8e ./Core/Src/main.o
 .debug_macro   0x000000000002596b       0x1c ./Core/Src/main.o
 .debug_macro   0x0000000000025987      0x177 ./Core/Src/main.o
 .debug_macro   0x0000000000025afe       0x16 ./Core/Src/main.o
 .debug_macro   0x0000000000025b14       0x16 ./Core/Src/main.o
 .debug_macro   0x0000000000025b2a      0x147 ./Core/Src/main.o
 .debug_macro   0x0000000000025c71       0x16 ./Core/Src/main.o
 .debug_macro   0x0000000000025c87       0x20 ./Core/Src/main.o
 .debug_macro   0x0000000000025ca7      0x1f7 ./Core/Src/stm32f7xx_hal_msp.o
 .debug_macro   0x0000000000025e9e      0x201 ./Core/Src/stm32f7xx_it.o
 .debug_macro   0x000000000002609f       0xff ./Core/Src/sysmem.o
 .debug_macro   0x000000000002619e      0x23c ./Core/Src/sysmem.o
 .debug_macro   0x00000000000263da      0x1e8 ./Core/Src/system_stm32f7xx.o
 .debug_macro   0x00000000000265c2      0x20c ./Drivers/STM32F7xx_HAL_Driver/Src/stm32f7xx_hal.o
 .debug_macro   0x00000000000267ce      0x1e9 ./Drivers/STM32F7xx_HAL_Driver/Src/stm32f7xx_hal_adc.o
 .debug_macro   0x00000000000269b7      0x1e8 ./Drivers/STM32F7xx_HAL_Driver/Src/stm32f7xx_hal_adc_ex.o
 .debug_macro   0x0000000000026b9f      0x1e8 ./Drivers/STM32F7xx_HAL_Driver/Src/stm32f7xx_hal_cortex.o
 .debug_macro   0x0000000000026d87      0x1ee ./Drivers/STM32F7xx_HAL_Driver/Src/stm32f7xx_hal_dma.o
 .debug_macro   0x0000000000026f75      0x1ee ./Drivers/STM32F7xx_HAL_Driver/Src/stm32f7xx_hal_gpio.o
 .debug_macro   0x0000000000027163      0x200 ./Drivers/STM32F7xx_HAL_Driver/Src/stm32f7xx_hal_pwr_ex.o
 .debug_macro   0x0000000000027363      0x20c ./Drivers/STM32F7xx_HAL_Driver/Src/stm32f7xx_hal_rcc.o
 .debug_macro   0x000000000002756f      0x1e8 ./Drivers/STM32F7xx_HAL_Driver/Src/stm32f7xx_hal_rcc_ex.o
 .debug_macro   0x0000000000027757      0x205 ./Drivers/STM32F7xx_HAL_Driver/Src/stm32f7xx_hal_uart.o

.debug_line     0x0000000000000000     0xd979
 .debug_line    0x0000000000000000      0xbf0 ./Core/Src/main.o
 .debug_line    0x0000000000000bf0      0x898 ./Core/Src/stm32f7xx_hal_msp.o
 .debug_line    0x0000000000001488      0x8dc ./Core/Src/stm32f7xx_it.o
 .debug_line    0x0000000000001d64      0x579 ./Core/Src/sysmem.o
 .debug_line    0x00000000000022dd      0x7f1 ./Core/Src/system_stm32f7xx.o
 .debug_line    0x0000000000002ace       0x7a ./Core/Startup/startup_stm32f767zitx.o
 .debug_line    0x0000000000002b48      0xab2 ./Drivers/STM32F7xx_HAL_Driver/Src/stm32f7xx_hal.o
 .debug_line    0x00000000000035fa     0x12ae ./Drivers/STM32F7xx_HAL_Driver/Src/stm32f7xx_hal_adc.o
 .debug_line    0x00000000000048a8      0xeeb ./Drivers/STM32F7xx_HAL_Driver/Src/stm32f7xx_hal_adc_ex.o
 .debug_line    0x0000000000005793      0xd08 ./Drivers/STM32F7xx_HAL_Driver/Src/stm32f7xx_hal_cortex.o
 .debug_line    0x000000000000649b      0xfd1 ./Drivers/STM32F7xx_HAL_Driver/Src/stm32f7xx_hal_dma.o
 .debug_line    0x000000000000746c      0xbf6 ./Drivers/STM32F7xx_HAL_Driver/Src/stm32f7xx_hal_gpio.o
 .debug_line    0x0000000000008062      0x9ee ./Drivers/STM32F7xx_HAL_Driver/Src/stm32f7xx_hal_pwr_ex.o
 .debug_line    0x0000000000008a50      0xeef ./Drivers/STM32F7xx_HAL_Driver/Src/stm32f7xx_hal_rcc.o
 .debug_line    0x000000000000993f      0xec8 ./Drivers/STM32F7xx_HAL_Driver/Src/stm32f7xx_hal_rcc_ex.o
 .debug_line    0x000000000000a807     0x3172 ./Drivers/STM32F7xx_HAL_Driver/Src/stm32f7xx_hal_uart.o

.debug_str      0x0000000000000000    0xf6960
 .debug_str     0x0000000000000000    0xf3fc8 ./Core/Src/main.o
                                      0xf47a9 (size before relaxing)
 .debug_str     0x00000000000f3fc8      0x362 ./Core/Src/stm32f7xx_hal_msp.o
                                      0xf100c (size before relaxing)
 .debug_str     0x00000000000f432a      0x18f ./Core/Src/stm32f7xx_it.o
                                      0xf05c1 (size before relaxing)
 .debug_str     0x00000000000f44b9      0x4dc ./Core/Src/sysmem.o
                                       0x608f (size before relaxing)
 .debug_str     0x00000000000f4995      0x1a4 ./Core/Src/system_stm32f7xx.o
                                      0xf0057 (size before relaxing)
 .debug_str     0x00000000000f4b39       0x34 ./Core/Startup/startup_stm32f767zitx.o
                                         0x58 (size before relaxing)
 .debug_str     0x00000000000f4b6d      0x42a ./Drivers/STM32F7xx_HAL_Driver/Src/stm32f7xx_hal.o
                                      0xf0a97 (size before relaxing)
 .debug_str     0x00000000000f4f97      0x293 ./Drivers/STM32F7xx_HAL_Driver/Src/stm32f7xx_hal_adc.o
                                      0xf0550 (size before relaxing)
 .debug_str     0x00000000000f522a      0x2df ./Drivers/STM32F7xx_HAL_Driver/Src/stm32f7xx_hal_adc_ex.o
                                      0xf05a4 (size before relaxing)
 .debug_str     0x00000000000f5509      0x31c ./Drivers/STM32F7xx_HAL_Driver/Src/stm32f7xx_hal_cortex.o
                                      0xf0a47 (size before relaxing)
 .debug_str     0x00000000000f5825      0x2e0 ./Drivers/STM32F7xx_HAL_Driver/Src/stm32f7xx_hal_dma.o
                                      0xf0396 (size before relaxing)
 .debug_str     0x00000000000f5b05       0xcc ./Drivers/STM32F7xx_HAL_Driver/Src/stm32f7xx_hal_gpio.o
                                      0xf0115 (size before relaxing)
 .debug_str     0x00000000000f5bd1      0x1d1 ./Drivers/STM32F7xx_HAL_Driver/Src/stm32f7xx_hal_pwr_ex.o
                                      0xf02c6 (size before relaxing)
 .debug_str     0x00000000000f5da2      0x260 ./Drivers/STM32F7xx_HAL_Driver/Src/stm32f7xx_hal_rcc.o
                                      0xf03d2 (size before relaxing)
 .debug_str     0x00000000000f6002      0x147 ./Drivers/STM32F7xx_HAL_Driver/Src/stm32f7xx_hal_rcc_ex.o
                                      0xf0335 (size before relaxing)
 .debug_str     0x00000000000f6149      0x817 ./Drivers/STM32F7xx_HAL_Driver/Src/stm32f7xx_hal_uart.o
                                      0xf0d20 (size before relaxing)

.debug_frame    0x0000000000000000     0x2bb0
 .debug_frame   0x0000000000000000      0x154 ./Core/Src/main.o
 .debug_frame   0x0000000000000154       0xc8 ./Core/Src/stm32f7xx_hal_msp.o
 .debug_frame   0x000000000000021c      0x1c8 ./Core/Src/stm32f7xx_it.o
 .debug_frame   0x00000000000003e4       0x34 ./Core/Src/sysmem.o
 .debug_frame   0x0000000000000418       0x58 ./Core/Src/system_stm32f7xx.o
 .debug_frame   0x0000000000000470      0x3f4 ./Drivers/STM32F7xx_HAL_Driver/Src/stm32f7xx_hal.o
 .debug_frame   0x0000000000000864      0x3fc ./Drivers/STM32F7xx_HAL_Driver/Src/stm32f7xx_hal_adc.o
 .debug_frame   0x0000000000000c60      0x250 ./Drivers/STM32F7xx_HAL_Driver/Src/stm32f7xx_hal_adc_ex.o
 .debug_frame   0x0000000000000eb0      0x498 ./Drivers/STM32F7xx_HAL_Driver/Src/stm32f7xx_hal_cortex.o
 .debug_frame   0x0000000000001348      0x250 ./Drivers/STM32F7xx_HAL_Driver/Src/stm32f7xx_hal_dma.o
 .debug_frame   0x0000000000001598      0x14c ./Drivers/STM32F7xx_HAL_Driver/Src/stm32f7xx_hal_gpio.o
 .debug_frame   0x00000000000016e4      0x1c8 ./Drivers/STM32F7xx_HAL_Driver/Src/stm32f7xx_hal_pwr_ex.o
 .debug_frame   0x00000000000018ac      0x1f8 ./Drivers/STM32F7xx_HAL_Driver/Src/stm32f7xx_hal_rcc.o
 .debug_frame   0x0000000000001aa4      0x118 ./Drivers/STM32F7xx_HAL_Driver/Src/stm32f7xx_hal_rcc_ex.o
 .debug_frame   0x0000000000001bbc      0xa10 ./Drivers/STM32F7xx_HAL_Driver/Src/stm32f7xx_hal_uart.o
 .debug_frame   0x00000000000025cc      0x144 C:/ST/STM32CubeIDE_1.13.0/STM32CubeIDE/plugins/com.st.stm32cube.ide.mcu.externaltools.gnu-tools-for-stm32.11.3.rel1.win32_1.1.1.202309131626/tools/bin/../lib/gcc/arm-none-eabi/11.3.1/../../../../arm-none-eabi/lib/thumb/v7e-m+dp/hard\libc_nano.a(libc_a-findfp.o)
 .debug_frame   0x0000000000002710       0x6c C:/ST/STM32CubeIDE_1.13.0/STM32CubeIDE/plugins/com.st.stm32cube.ide.mcu.externaltools.gnu-tools-for-stm32.11.3.rel1.win32_1.1.1.202309131626/tools/bin/../lib/gcc/arm-none-eabi/11.3.1/../../../../arm-none-eabi/lib/thumb/v7e-m+dp/hard\libc_nano.a(libc_a-sprintf.o)
 .debug_frame   0x000000000000277c       0x20 C:/ST/STM32CubeIDE_1.13.0/STM32CubeIDE/plugins/com.st.stm32cube.ide.mcu.externaltools.gnu-tools-for-stm32.11.3.rel1.win32_1.1.1.202309131626/tools/bin/../lib/gcc/arm-none-eabi/11.3.1/../../../../arm-none-eabi/lib/thumb/v7e-m+dp/hard\libc_nano.a(libc_a-memset.o)
 .debug_frame   0x000000000000279c       0x38 C:/ST/STM32CubeIDE_1.13.0/STM32CubeIDE/plugins/com.st.stm32cube.ide.mcu.externaltools.gnu-tools-for-stm32.11.3.rel1.win32_1.1.1.202309131626/tools/bin/../lib/gcc/arm-none-eabi/11.3.1/../../../../arm-none-eabi/lib/thumb/v7e-m+dp/hard\libc_nano.a(libc_a-reent.o)
 .debug_frame   0x00000000000027d4       0x20 C:/ST/STM32CubeIDE_1.13.0/STM32CubeIDE/plugins/com.st.stm32cube.ide.mcu.externaltools.gnu-tools-for-stm32.11.3.rel1.win32_1.1.1.202309131626/tools/bin/../lib/gcc/arm-none-eabi/11.3.1/../../../../arm-none-eabi/lib/thumb/v7e-m+dp/hard\libc_nano.a(libc_a-errno.o)
 .debug_frame   0x00000000000027f4       0x2c C:/ST/STM32CubeIDE_1.13.0/STM32CubeIDE/plugins/com.st.stm32cube.ide.mcu.externaltools.gnu-tools-for-stm32.11.3.rel1.win32_1.1.1.202309131626/tools/bin/../lib/gcc/arm-none-eabi/11.3.1/../../../../arm-none-eabi/lib/thumb/v7e-m+dp/hard\libc_nano.a(libc_a-init.o)
 .debug_frame   0x0000000000002820       0xb0 C:/ST/STM32CubeIDE_1.13.0/STM32CubeIDE/plugins/com.st.stm32cube.ide.mcu.externaltools.gnu-tools-for-stm32.11.3.rel1.win32_1.1.1.202309131626/tools/bin/../lib/gcc/arm-none-eabi/11.3.1/../../../../arm-none-eabi/lib/thumb/v7e-m+dp/hard\libc_nano.a(libc_a-lock.o)
 .debug_frame   0x00000000000028d0       0x38 C:/ST/STM32CubeIDE_1.13.0/STM32CubeIDE/plugins/com.st.stm32cube.ide.mcu.externaltools.gnu-tools-for-stm32.11.3.rel1.win32_1.1.1.202309131626/tools/bin/../lib/gcc/arm-none-eabi/11.3.1/../../../../arm-none-eabi/lib/thumb/v7e-m+dp/hard\libc_nano.a(libc_a-freer.o)
 .debug_frame   0x0000000000002908       0x50 C:/ST/STM32CubeIDE_1.13.0/STM32CubeIDE/plugins/com.st.stm32cube.ide.mcu.externaltools.gnu-tools-for-stm32.11.3.rel1.win32_1.1.1.202309131626/tools/bin/../lib/gcc/arm-none-eabi/11.3.1/../../../../arm-none-eabi/lib/thumb/v7e-m+dp/hard\libc_nano.a(libc_a-mallocr.o)
 .debug_frame   0x0000000000002958       0x30 C:/ST/STM32CubeIDE_1.13.0/STM32CubeIDE/plugins/com.st.stm32cube.ide.mcu.externaltools.gnu-tools-for-stm32.11.3.rel1.win32_1.1.1.202309131626/tools/bin/../lib/gcc/arm-none-eabi/11.3.1/../../../../arm-none-eabi/lib/thumb/v7e-m+dp/hard\libc_nano.a(libc_a-mlock.o)
 .debug_frame   0x0000000000002988       0x90 C:/ST/STM32CubeIDE_1.13.0/STM32CubeIDE/plugins/com.st.stm32cube.ide.mcu.externaltools.gnu-tools-for-stm32.11.3.rel1.win32_1.1.1.202309131626/tools/bin/../lib/gcc/arm-none-eabi/11.3.1/../../../../arm-none-eabi/lib/thumb/v7e-m+dp/hard\libc_nano.a(libc_a-nano-svfprintf.o)
 .debug_frame   0x0000000000002a18       0x60 C:/ST/STM32CubeIDE_1.13.0/STM32CubeIDE/plugins/com.st.stm32cube.ide.mcu.externaltools.gnu-tools-for-stm32.11.3.rel1.win32_1.1.1.202309131626/tools/bin/../lib/gcc/arm-none-eabi/11.3.1/../../../../arm-none-eabi/lib/thumb/v7e-m+dp/hard\libc_nano.a(libc_a-nano-vfprintf_i.o)
 .debug_frame   0x0000000000002a78       0x28 C:/ST/STM32CubeIDE_1.13.0/STM32CubeIDE/plugins/com.st.stm32cube.ide.mcu.externaltools.gnu-tools-for-stm32.11.3.rel1.win32_1.1.1.202309131626/tools/bin/../lib/gcc/arm-none-eabi/11.3.1/../../../../arm-none-eabi/lib/thumb/v7e-m+dp/hard\libc_nano.a(libc_a-memmove.o)
 .debug_frame   0x0000000000002aa0       0x2c C:/ST/STM32CubeIDE_1.13.0/STM32CubeIDE/plugins/com.st.stm32cube.ide.mcu.externaltools.gnu-tools-for-stm32.11.3.rel1.win32_1.1.1.202309131626/tools/bin/../lib/gcc/arm-none-eabi/11.3.1/../../../../arm-none-eabi/lib/thumb/v7e-m+dp/hard\libc_nano.a(libc_a-sbrkr.o)
 .debug_frame   0x0000000000002acc       0x28 C:/ST/STM32CubeIDE_1.13.0/STM32CubeIDE/plugins/com.st.stm32cube.ide.mcu.externaltools.gnu-tools-for-stm32.11.3.rel1.win32_1.1.1.202309131626/tools/bin/../lib/gcc/arm-none-eabi/11.3.1/../../../../arm-none-eabi/lib/thumb/v7e-m+dp/hard\libc_nano.a(libc_a-memcpy-stub.o)
 .debug_frame   0x0000000000002af4       0x3c C:/ST/STM32CubeIDE_1.13.0/STM32CubeIDE/plugins/com.st.stm32cube.ide.mcu.externaltools.gnu-tools-for-stm32.11.3.rel1.win32_1.1.1.202309131626/tools/bin/../lib/gcc/arm-none-eabi/11.3.1/../../../../arm-none-eabi/lib/thumb/v7e-m+dp/hard\libc_nano.a(libc_a-reallocr.o)
 .debug_frame   0x0000000000002b30       0x20 C:/ST/STM32CubeIDE_1.13.0/STM32CubeIDE/plugins/com.st.stm32cube.ide.mcu.externaltools.gnu-tools-for-stm32.11.3.rel1.win32_1.1.1.202309131626/tools/bin/../lib/gcc/arm-none-eabi/11.3.1/../../../../arm-none-eabi/lib/thumb/v7e-m+dp/hard\libc_nano.a(libc_a-msizer.o)
 .debug_frame   0x0000000000002b50       0x2c C:/ST/STM32CubeIDE_1.13.0/STM32CubeIDE/plugins/com.st.stm32cube.ide.mcu.externaltools.gnu-tools-for-stm32.11.3.rel1.win32_1.1.1.202309131626/tools/bin/../lib/gcc/arm-none-eabi/11.3.1/thumb/v7e-m+dp/hard\libgcc.a(_aeabi_uldivmod.o)
 .debug_frame   0x0000000000002b7c       0x34 C:/ST/STM32CubeIDE_1.13.0/STM32CubeIDE/plugins/com.st.stm32cube.ide.mcu.externaltools.gnu-tools-for-stm32.11.3.rel1.win32_1.1.1.202309131626/tools/bin/../lib/gcc/arm-none-eabi/11.3.1/thumb/v7e-m+dp/hard\libgcc.a(_udivmoddi4.o)

.debug_line_str
                0x0000000000000000       0x4c
 .debug_line_str
                0x0000000000000000       0x4c ./Core/Startup/startup_stm32f767zitx.o
                                         0x64 (size before relaxing)
